2025-04-08 16:00:22,326 - INFO - Database setup complete at /home/runner/work/M3-scraper/M3-scraper/github/products.db
2025-04-08 16:00:25,691 - INFO - Successfully uploaded products from /home/runner/work/M3-scraper/M3-scraper/github/Scraped/refurbed_080425_products.csv
2025-04-08 16:00:25,691 - INFO - Processed latest product file: /home/runner/work/M3-scraper/M3-scraper/github/Scraped/refurbed_080425_products.csv
2025-04-08 16:00:29,493 - INFO - Successfully uploaded price history from /home/runner/work/M3-scraper/M3-scraper/github/Scraped/refurbed_080425_prices.csv
2025-04-08 16:00:29,493 - INFO - Processed latest price file: /home/runner/work/M3-scraper/M3-scraper/github/Scraped/refurbed_080425_prices.csv
2025-04-10 12:11:34,403 - INFO - Database setup complete at C:\Users\samil\Documents\PythonScripts\Scraper\M3-scraper\github\products.db
2025-04-10 12:11:34,713 - INFO - Successfully uploaded products from C:\Users\samil\Documents\PythonScripts\Scraper\M3-scraper\github\Scraped\refurbed_080425_products.csv
2025-04-10 12:11:34,713 - INFO - Processed latest product file: C:\Users\samil\Documents\PythonScripts\Scraper\M3-scraper\github\Scraped\refurbed_080425_products.csv
2025-04-10 12:11:45,238 - INFO - Successfully uploaded price history from C:\Users\samil\Documents\PythonScripts\Scraper\M3-scraper\github\Scraped\refurbed_080425_prices.csv
2025-04-10 12:11:45,238 - INFO - Processed latest price file: C:\Users\samil\Documents\PythonScripts\Scraper\M3-scraper\github\Scraped\refurbed_080425_prices.csv
2025-04-13 06:12:08,608 - INFO - Database setup complete at /home/runner/work/M3-scraper/M3-scraper/github/products.db
2025-04-13 06:12:12,483 - INFO - Successfully uploaded products from /home/runner/work/M3-scraper/M3-scraper/github/Scraped/refurbed_250413_products.csv
2025-04-13 06:12:12,483 - INFO - Processed latest product file: /home/runner/work/M3-scraper/M3-scraper/github/Scraped/refurbed_250413_products.csv
2025-04-13 06:12:16,518 - INFO - Successfully uploaded price history from /home/runner/work/M3-scraper/M3-scraper/github/Scraped/refurbed_250413_prices.csv
2025-04-13 06:12:16,519 - INFO - Processed latest price file: /home/runner/work/M3-scraper/M3-scraper/github/Scraped/refurbed_250413_prices.csv
2025-04-21 00:24:42,607 - INFO - Database setup complete at /home/runner/work/M3-scraper/M3-scraper/github/products.db
2025-04-21 00:24:45,692 - INFO - Successfully uploaded products from /home/runner/work/M3-scraper/M3-scraper/github/Scraped/refurbed_250421_products.csv
2025-04-21 00:24:45,693 - INFO - Processed latest product file: /home/runner/work/M3-scraper/M3-scraper/github/Scraped/refurbed_250421_products.csv
2025-04-21 00:24:48,593 - INFO - Successfully uploaded price history from /home/runner/work/M3-scraper/M3-scraper/github/Scraped/refurbed_250421_prices.csv
2025-04-21 00:24:48,594 - INFO - Processed latest price file: /home/runner/work/M3-scraper/M3-scraper/github/Scraped/refurbed_250421_prices.csv
2025-05-04 05:07:19,501 - INFO - Database setup complete at /home/runner/work/M3-scraper/M3-scraper/github/products.db
2025-05-04 05:07:23,311 - INFO - Successfully uploaded products from /home/runner/work/M3-scraper/M3-scraper/github/Scraped/refurbed_250504_products.csv
2025-05-04 05:07:23,311 - INFO - Processed latest Refurbed product file: /home/runner/work/M3-scraper/M3-scraper/github/Scraped/refurbed_250504_products.csv
2025-05-04 05:07:27,374 - INFO - Successfully uploaded price history from /home/runner/work/M3-scraper/M3-scraper/github/Scraped/refurbed_250504_prices.csv
2025-05-04 05:07:27,374 - INFO - Processed latest Refurbed price file: /home/runner/work/M3-scraper/M3-scraper/github/Scraped/refurbed_250504_prices.csv
2025-05-04 05:07:27,441 - INFO - Successfully uploaded products from /home/runner/work/M3-scraper/M3-scraper/github/Scraped/backmarket_250425_products.csv
2025-05-04 05:07:27,441 - INFO - Processed latest Backmarket product file: /home/runner/work/M3-scraper/M3-scraper/github/Scraped/backmarket_250425_products.csv
2025-05-04 05:07:27,484 - INFO - Successfully uploaded price history from /home/runner/work/M3-scraper/M3-scraper/github/Scraped/backmarket_250425_prices.csv
2025-05-04 05:07:27,484 - INFO - Processed latest Backmarket price file: /home/runner/work/M3-scraper/M3-scraper/github/Scraped/backmarket_250425_prices.csv
2025-05-11 05:09:33,621 - INFO - Database setup complete at /home/runner/work/M3-scraper/M3-scraper/github/products.db
2025-05-11 05:09:36,378 - INFO - Successfully uploaded products from /home/runner/work/M3-scraper/M3-scraper/github/Scraped/refurbed_250511_products.csv
2025-05-11 05:09:36,379 - INFO - Processed latest Refurbed product file: /home/runner/work/M3-scraper/M3-scraper/github/Scraped/refurbed_250511_products.csv
2025-05-11 05:09:39,015 - INFO - Successfully uploaded price history from /home/runner/work/M3-scraper/M3-scraper/github/Scraped/refurbed_250511_prices.csv
2025-05-11 05:09:39,015 - INFO - Processed latest Refurbed price file: /home/runner/work/M3-scraper/M3-scraper/github/Scraped/refurbed_250511_prices.csv
2025-05-11 05:09:39,021 - INFO - Successfully uploaded products from /home/runner/work/M3-scraper/M3-scraper/github/Scraped/backmarket_250425_products.csv
2025-05-11 05:09:39,021 - INFO - Processed latest Backmarket product file: /home/runner/work/M3-scraper/M3-scraper/github/Scraped/backmarket_250425_products.csv
2025-05-11 05:09:39,053 - INFO - Successfully uploaded price history from /home/runner/work/M3-scraper/M3-scraper/github/Scraped/backmarket_250425_prices.csv
2025-05-11 05:09:39,053 - INFO - Processed latest Backmarket price file: /home/runner/work/M3-scraper/M3-scraper/github/Scraped/backmarket_250425_prices.csv
2025-05-18 05:08:41,777 - INFO - Database setup complete at /home/runner/work/M3-scraper/M3-scraper/github/products.db
2025-05-18 05:08:44,231 - INFO - Successfully uploaded products from /home/runner/work/M3-scraper/M3-scraper/github/Scraped/refurbed_250518_products.csv
2025-05-18 05:08:44,232 - INFO - Processed latest Refurbed product file: /home/runner/work/M3-scraper/M3-scraper/github/Scraped/refurbed_250518_products.csv
2025-05-18 05:08:46,591 - INFO - Successfully uploaded price history from /home/runner/work/M3-scraper/M3-scraper/github/Scraped/refurbed_250518_prices.csv
2025-05-18 05:08:46,591 - INFO - Processed latest Refurbed price file: /home/runner/work/M3-scraper/M3-scraper/github/Scraped/refurbed_250518_prices.csv
2025-05-18 05:08:46,597 - INFO - Successfully uploaded products from /home/runner/work/M3-scraper/M3-scraper/github/Scraped/backmarket_250425_products.csv
2025-05-18 05:08:46,597 - INFO - Processed latest Backmarket product file: /home/runner/work/M3-scraper/M3-scraper/github/Scraped/backmarket_250425_products.csv
2025-05-18 05:08:46,630 - INFO - Successfully uploaded price history from /home/runner/work/M3-scraper/M3-scraper/github/Scraped/backmarket_250425_prices.csv
2025-05-18 05:08:46,630 - INFO - Processed latest Backmarket price file: /home/runner/work/M3-scraper/M3-scraper/github/Scraped/backmarket_250425_prices.csv
2025-05-25 05:14:41,225 - INFO - Database setup complete at /home/runner/work/M3-scraper/M3-scraper/github/products.db
2025-05-25 05:14:44,331 - INFO - Successfully uploaded products from /home/runner/work/M3-scraper/M3-scraper/github/Scraped/refurbed_250525_products.csv
2025-05-25 05:14:44,332 - INFO - Processed latest Refurbed product file: /home/runner/work/M3-scraper/M3-scraper/github/Scraped/refurbed_250525_products.csv
2025-05-25 05:14:47,467 - INFO - Successfully uploaded price history from /home/runner/work/M3-scraper/M3-scraper/github/Scraped/refurbed_250525_prices.csv
2025-05-25 05:14:47,467 - INFO - Processed latest Refurbed price file: /home/runner/work/M3-scraper/M3-scraper/github/Scraped/refurbed_250525_prices.csv
2025-05-25 05:14:47,473 - INFO - Successfully uploaded products from /home/runner/work/M3-scraper/M3-scraper/github/Scraped/backmarket_250425_products.csv
2025-05-25 05:14:47,473 - INFO - Processed latest Backmarket product file: /home/runner/work/M3-scraper/M3-scraper/github/Scraped/backmarket_250425_products.csv
2025-05-25 05:14:47,513 - INFO - Successfully uploaded price history from /home/runner/work/M3-scraper/M3-scraper/github/Scraped/backmarket_250425_prices.csv
2025-05-25 05:14:47,514 - INFO - Processed latest Backmarket price file: /home/runner/work/M3-scraper/M3-scraper/github/Scraped/backmarket_250425_prices.csv
2025-06-01 05:24:05,005 - INFO - Database setup complete at /home/runner/work/M3-scraper/M3-scraper/github/products.db
2025-06-01 05:24:13,990 - INFO - Successfully uploaded products from /home/runner/work/M3-scraper/M3-scraper/github/Scraped/refurbed_250601_products.csv
2025-06-01 05:24:13,991 - INFO - Processed latest Refurbed product file: /home/runner/work/M3-scraper/M3-scraper/github/Scraped/refurbed_250601_products.csv
2025-06-01 05:24:21,677 - INFO - Successfully uploaded price history from /home/runner/work/M3-scraper/M3-scraper/github/Scraped/refurbed_250601_prices.csv
2025-06-01 05:24:21,678 - INFO - Processed latest Refurbed price file: /home/runner/work/M3-scraper/M3-scraper/github/Scraped/refurbed_250601_prices.csv
2025-06-01 05:24:21,684 - INFO - Successfully uploaded products from /home/runner/work/M3-scraper/M3-scraper/github/Scraped/backmarket_250425_products.csv
2025-06-01 05:24:21,684 - INFO - Processed latest Backmarket product file: /home/runner/work/M3-scraper/M3-scraper/github/Scraped/backmarket_250425_products.csv
2025-06-01 05:24:21,718 - INFO - Successfully uploaded price history from /home/runner/work/M3-scraper/M3-scraper/github/Scraped/backmarket_250425_prices.csv
2025-06-01 05:24:21,719 - INFO - Processed latest Backmarket price file: /home/runner/work/M3-scraper/M3-scraper/github/Scraped/backmarket_250425_prices.csv
2025-06-08 05:07:27,430 - INFO - Database setup complete at /home/runner/work/M3-scraper/M3-scraper/github/products.db
2025-06-08 05:07:32,726 - INFO - Successfully uploaded products from /home/runner/work/M3-scraper/M3-scraper/github/Scraped/refurbed_250608_products.csv
2025-06-08 05:07:32,728 - INFO - Processed latest Refurbed product file: /home/runner/work/M3-scraper/M3-scraper/github/Scraped/refurbed_250608_products.csv
2025-06-08 05:07:37,844 - INFO - Successfully uploaded price history from /home/runner/work/M3-scraper/M3-scraper/github/Scraped/refurbed_250608_prices.csv
2025-06-08 05:07:37,844 - INFO - Processed latest Refurbed price file: /home/runner/work/M3-scraper/M3-scraper/github/Scraped/refurbed_250608_prices.csv
2025-06-08 05:07:37,851 - INFO - Successfully uploaded products from /home/runner/work/M3-scraper/M3-scraper/github/Scraped/backmarket_250425_products.csv
2025-06-08 05:07:37,851 - INFO - Processed latest Backmarket product file: /home/runner/work/M3-scraper/M3-scraper/github/Scraped/backmarket_250425_products.csv
2025-06-08 05:07:37,873 - INFO - Successfully uploaded price history from /home/runner/work/M3-scraper/M3-scraper/github/Scraped/backmarket_250425_prices.csv
2025-06-08 05:07:37,873 - INFO - Processed latest Backmarket price file: /home/runner/work/M3-scraper/M3-scraper/github/Scraped/backmarket_250425_prices.csv
2025-06-15 05:12:18,543 - INFO - Database setup complete at /home/runner/work/M3-scraper/M3-scraper/github/products.db
2025-06-15 05:12:28,041 - INFO - Successfully uploaded products from /home/runner/work/M3-scraper/M3-scraper/github/Scraped/refurbed_250615_products.csv
2025-06-15 05:12:28,042 - INFO - Processed latest Refurbed product file: /home/runner/work/M3-scraper/M3-scraper/github/Scraped/refurbed_250615_products.csv
2025-06-15 05:12:37,335 - INFO - Successfully uploaded price history from /home/runner/work/M3-scraper/M3-scraper/github/Scraped/refurbed_250615_prices.csv
2025-06-15 05:12:37,336 - INFO - Processed latest Refurbed price file: /home/runner/work/M3-scraper/M3-scraper/github/Scraped/refurbed_250615_prices.csv
2025-06-15 05:12:37,341 - INFO - Successfully uploaded products from /home/runner/work/M3-scraper/M3-scraper/github/Scraped/backmarket_250425_products.csv
2025-06-15 05:12:37,342 - INFO - Processed latest Backmarket product file: /home/runner/work/M3-scraper/M3-scraper/github/Scraped/backmarket_250425_products.csv
2025-06-15 05:12:37,387 - INFO - Successfully uploaded price history from /home/runner/work/M3-scraper/M3-scraper/github/Scraped/backmarket_250425_prices.csv
2025-06-15 05:12:37,387 - INFO - Processed latest Backmarket price file: /home/runner/work/M3-scraper/M3-scraper/github/Scraped/backmarket_250425_prices.csv
2025-06-22 05:16:25,680 - INFO - Database setup complete at /home/runner/work/M3-scraper/M3-scraper/github/products.db
2025-06-22 05:16:25,683 - INFO - Successfully uploaded products from /home/runner/work/M3-scraper/M3-scraper/github/Scraped/refurbed_250622_products.csv
2025-06-22 05:16:25,683 - INFO - Processed latest Refurbed product file: /home/runner/work/M3-scraper/M3-scraper/github/Scraped/refurbed_250622_products.csv
2025-06-22 05:16:25,684 - INFO - Successfully uploaded price history from /home/runner/work/M3-scraper/M3-scraper/github/Scraped/refurbed_250622_prices.csv
2025-06-22 05:16:25,684 - INFO - Processed latest Refurbed price file: /home/runner/work/M3-scraper/M3-scraper/github/Scraped/refurbed_250622_prices.csv
2025-06-22 05:16:25,690 - INFO - Successfully uploaded products from /home/runner/work/M3-scraper/M3-scraper/github/Scraped/backmarket_250425_products.csv
2025-06-22 05:16:25,690 - INFO - Processed latest Backmarket product file: /home/runner/work/M3-scraper/M3-scraper/github/Scraped/backmarket_250425_products.csv
2025-06-22 05:16:25,718 - INFO - Successfully uploaded price history from /home/runner/work/M3-scraper/M3-scraper/github/Scraped/backmarket_250425_prices.csv
2025-06-22 05:16:25,718 - INFO - Processed latest Backmarket price file: /home/runner/work/M3-scraper/M3-scraper/github/Scraped/backmarket_250425_prices.csv
2025-06-29 04:57:34,226 - INFO - Database setup complete at /home/runner/work/M3-scraper/M3-scraper/github/products.db
2025-06-29 04:57:34,229 - INFO - Successfully uploaded products from /home/runner/work/M3-scraper/M3-scraper/github/Scraped/refurbed_250629_products.csv
2025-06-29 04:57:34,229 - INFO - Processed latest Refurbed product file: /home/runner/work/M3-scraper/M3-scraper/github/Scraped/refurbed_250629_products.csv
2025-06-29 04:57:34,231 - INFO - Successfully uploaded price history from /home/runner/work/M3-scraper/M3-scraper/github/Scraped/refurbed_250629_prices.csv
2025-06-29 04:57:34,231 - INFO - Processed latest Refurbed price file: /home/runner/work/M3-scraper/M3-scraper/github/Scraped/refurbed_250629_prices.csv
2025-06-29 04:57:34,237 - INFO - Successfully uploaded products from /home/runner/work/M3-scraper/M3-scraper/github/Scraped/backmarket_250425_products.csv
2025-06-29 04:57:34,237 - INFO - Processed latest Backmarket product file: /home/runner/work/M3-scraper/M3-scraper/github/Scraped/backmarket_250425_products.csv
2025-06-29 04:57:34,266 - INFO - Successfully uploaded price history from /home/runner/work/M3-scraper/M3-scraper/github/Scraped/backmarket_250425_prices.csv
2025-06-29 04:57:34,266 - INFO - Processed latest Backmarket price file: /home/runner/work/M3-scraper/M3-scraper/github/Scraped/backmarket_250425_prices.csv
2025-07-06 04:56:55,583 - INFO - Database setup complete at /home/runner/work/M3-scraper/M3-scraper/github/products.db
2025-07-06 04:56:55,586 - INFO - Successfully uploaded products from /home/runner/work/M3-scraper/M3-scraper/github/Scraped/refurbed_250706_products.csv
2025-07-06 04:56:55,586 - INFO - Processed latest Refurbed product file: /home/runner/work/M3-scraper/M3-scraper/github/Scraped/refurbed_250706_products.csv
2025-07-06 04:56:55,587 - INFO - Successfully uploaded price history from /home/runner/work/M3-scraper/M3-scraper/github/Scraped/refurbed_250706_prices.csv
2025-07-06 04:56:55,588 - INFO - Processed latest Refurbed price file: /home/runner/work/M3-scraper/M3-scraper/github/Scraped/refurbed_250706_prices.csv
2025-07-06 04:56:55,593 - INFO - Successfully uploaded products from /home/runner/work/M3-scraper/M3-scraper/github/Scraped/backmarket_250425_products.csv
2025-07-06 04:56:55,593 - INFO - Processed latest Backmarket product file: /home/runner/work/M3-scraper/M3-scraper/github/Scraped/backmarket_250425_products.csv
2025-07-06 04:56:55,634 - INFO - Successfully uploaded price history from /home/runner/work/M3-scraper/M3-scraper/github/Scraped/backmarket_250425_prices.csv
2025-07-06 04:56:55,634 - INFO - Processed latest Backmarket price file: /home/runner/work/M3-scraper/M3-scraper/github/Scraped/backmarket_250425_prices.csv
2025-07-13 05:03:34,155 - INFO - Database setup complete at /home/runner/work/M3-scraper/M3-scraper/github/products.db
2025-07-13 05:03:34,158 - INFO - Successfully uploaded products from /home/runner/work/M3-scraper/M3-scraper/github/Scraped/refurbed_250713_products.csv
2025-07-13 05:03:34,158 - INFO - Processed latest Refurbed product file: /home/runner/work/M3-scraper/M3-scraper/github/Scraped/refurbed_250713_products.csv
2025-07-13 05:03:34,160 - INFO - Successfully uploaded price history from /home/runner/work/M3-scraper/M3-scraper/github/Scraped/refurbed_250713_prices.csv
2025-07-13 05:03:34,160 - INFO - Processed latest Refurbed price file: /home/runner/work/M3-scraper/M3-scraper/github/Scraped/refurbed_250713_prices.csv
2025-07-13 05:03:34,165 - INFO - Successfully uploaded products from /home/runner/work/M3-scraper/M3-scraper/github/Scraped/backmarket_250425_products.csv
2025-07-13 05:03:34,165 - INFO - Processed latest Backmarket product file: /home/runner/work/M3-scraper/M3-scraper/github/Scraped/backmarket_250425_products.csv
2025-07-13 05:03:34,196 - INFO - Successfully uploaded price history from /home/runner/work/M3-scraper/M3-scraper/github/Scraped/backmarket_250425_prices.csv
2025-07-13 05:03:34,196 - INFO - Processed latest Backmarket price file: /home/runner/work/M3-scraper/M3-scraper/github/Scraped/backmarket_250425_prices.csv
2025-07-20 05:19:57,752 - INFO - Database setup complete at /home/runner/work/M3-scraper/M3-scraper/github/products.db
2025-07-20 05:19:57,755 - INFO - Successfully uploaded products from /home/runner/work/M3-scraper/M3-scraper/github/Scraped/refurbed_250720_products.csv
2025-07-20 05:19:57,755 - INFO - Processed latest Refurbed product file: /home/runner/work/M3-scraper/M3-scraper/github/Scraped/refurbed_250720_products.csv
2025-07-20 05:19:57,756 - INFO - Successfully uploaded price history from /home/runner/work/M3-scraper/M3-scraper/github/Scraped/refurbed_250720_prices.csv
2025-07-20 05:19:57,756 - INFO - Processed latest Refurbed price file: /home/runner/work/M3-scraper/M3-scraper/github/Scraped/refurbed_250720_prices.csv
2025-07-20 05:19:57,762 - INFO - Successfully uploaded products from /home/runner/work/M3-scraper/M3-scraper/github/Scraped/backmarket_250425_products.csv
2025-07-20 05:19:57,762 - INFO - Processed latest Backmarket product file: /home/runner/work/M3-scraper/M3-scraper/github/Scraped/backmarket_250425_products.csv
2025-07-20 05:19:57,801 - INFO - Successfully uploaded price history from /home/runner/work/M3-scraper/M3-scraper/github/Scraped/backmarket_250425_prices.csv
2025-07-20 05:19:57,801 - INFO - Processed latest Backmarket price file: /home/runner/work/M3-scraper/M3-scraper/github/Scraped/backmarket_250425_prices.csv
2025-07-27 05:10:45,095 - INFO - Database setup complete at /home/runner/work/M3-scraper/M3-scraper/github/products.db
2025-07-27 05:10:45,099 - INFO - Successfully uploaded products from /home/runner/work/M3-scraper/M3-scraper/github/Scraped/refurbed_250727_products.csv
2025-07-27 05:10:45,099 - INFO - Processed latest Refurbed product file: /home/runner/work/M3-scraper/M3-scraper/github/Scraped/refurbed_250727_products.csv
2025-07-27 05:10:45,101 - INFO - Successfully uploaded price history from /home/runner/work/M3-scraper/M3-scraper/github/Scraped/refurbed_250727_prices.csv
2025-07-27 05:10:45,101 - INFO - Processed latest Refurbed price file: /home/runner/work/M3-scraper/M3-scraper/github/Scraped/refurbed_250727_prices.csv
2025-07-27 05:10:45,107 - INFO - Successfully uploaded products from /home/runner/work/M3-scraper/M3-scraper/github/Scraped/backmarket_250425_products.csv
2025-07-27 05:10:45,107 - INFO - Processed latest Backmarket product file: /home/runner/work/M3-scraper/M3-scraper/github/Scraped/backmarket_250425_products.csv
2025-07-27 05:10:45,161 - INFO - Successfully uploaded price history from /home/runner/work/M3-scraper/M3-scraper/github/Scraped/backmarket_250425_prices.csv
2025-07-27 05:10:45,161 - INFO - Processed latest Backmarket price file: /home/runner/work/M3-scraper/M3-scraper/github/Scraped/backmarket_250425_prices.csv
