2025-10-19 04:39:55,192 - INFO - Starting price prediction process
2025-10-19 04:39:55,192 - INFO - Loading data files...
2025-10-19 04:39:55,242 - INFO - Loaded Refurbed_250615.json with 6850 products
2025-10-19 04:39:55,273 - INFO - Loaded Refurbed_251005.json with 5731 products
2025-10-19 04:39:55,322 - INFO - Loaded Refurbed_250622.json with 6847 products
2025-10-19 04:39:55,369 - INFO - Loaded Refurbed_250727.json with 6847 products
2025-10-19 04:39:55,467 - INFO - Loaded Refurbed_250601.json with 6799 products
2025-10-19 04:39:55,515 - INFO - Loaded Refurbed_250706.json with 6849 products
2025-10-19 04:39:55,563 - INFO - Loaded Refurbed_250608.json with 6849 products
2025-10-19 04:39:55,610 - INFO - Loaded Refurbed_250312.json with 6589 products
2025-10-19 04:39:55,638 - INFO - Loaded Refurbed_250928.json with 5729 products
2025-10-19 04:39:55,688 - INFO - Loaded Refurbed_250511.json with 6760 products
2025-10-19 04:39:55,735 - INFO - Loaded Refurbed_250504.json with 6743 products
2025-10-19 04:39:55,853 - INFO - Loaded Refurbed_250824.json with 6847 products
2025-10-19 04:39:55,900 - INFO - Loaded Refurbed_250629.json with 6849 products
2025-10-19 04:39:55,928 - INFO - Loaded Refurbed_250831.json with 5765 products
2025-10-19 04:39:55,975 - INFO - Loaded Refurbed_250518.json with 6773 products
2025-10-19 04:39:56,021 - INFO - Loaded Refurbed_250720.json with 6846 products
2025-10-19 04:39:56,069 - INFO - Loaded Refurbed_250713.json with 6850 products
2025-10-19 04:39:56,117 - INFO - Loaded Refurbed_250525.json with 6801 products
2025-10-19 04:39:56,164 - INFO - Loaded Refurbed_250803.json with 6847 products
2025-10-19 04:39:56,328 - INFO - Loaded Refurbed_250421.json with 6709 products
2025-10-19 04:39:56,358 - INFO - Loaded Refurbed_250914.json with 5733 products
2025-10-19 04:39:56,405 - INFO - Loaded Refurbed_250413.json with 6685 products
2025-10-19 04:39:56,453 - INFO - Loaded Refurbed_250810.json with 6846 products
2025-10-19 04:39:56,481 - INFO - Loaded Refurbed_251012.json with 5731 products
2025-10-19 04:39:56,509 - INFO - Loaded Refurbed_250921.json with 5724 products
2025-10-19 04:39:56,556 - INFO - Loaded Refurbed_250817.json with 6846 products
2025-10-19 04:39:56,584 - INFO - Loaded Refurbed_251019.json with 5729 products
2025-10-19 04:39:56,612 - INFO - Loaded Refurbed_250907.json with 5768 products
2025-10-19 04:39:56,612 - INFO - Found 28 data files
2025-10-19 04:39:56,612 - INFO - Preparing price history...
2025-10-19 04:39:56,761 - INFO - Prepared price history for 6865 products
2025-10-19 04:39:56,761 - INFO - Building prediction models...
2025-10-19 04:40:02,982 - INFO - Built prediction models for 6852 products
2025-10-19 04:40:02,982 - INFO - Generating predictions...
2025-10-19 04:40:04,381 - INFO - Generated predictions for 6852 products
2025-10-19 04:40:04,381 - INFO - Saving predictions...
2025-10-19 04:40:04,768 - INFO - Saved predictions to /home/runner/work/M3-scraper/M3-scraper/docs/price_predictions.json
2025-10-19 04:40:04,769 - INFO - Generating summary statistics...
2025-10-19 04:40:04,777 - INFO - Price prediction process completed successfully
