2026-04-26 06:15:16,874 - INFO - Starting price prediction process
2026-04-26 06:15:16,874 - INFO - Loading data files...
2026-04-26 06:15:16,924 - INFO - Loaded Refurbed_250803.json with 6847 products
2026-04-26 06:15:16,953 - INFO - Loaded Refurbed_260301.json with 5731 products
2026-04-26 06:15:16,998 - INFO - Loaded Refurbed_250629.json with 6849 products
2026-04-26 06:15:17,026 - INFO - Loaded Refurbed_251109.json with 5729 products
2026-04-26 06:15:17,106 - INFO - Loaded Refurbed_260208.json with 5729 products
2026-04-26 06:15:17,150 - INFO - Loaded Refurbed_250421.json with 6709 products
2026-04-26 06:15:17,179 - INFO - Loaded Refurbed_260104.json with 5728 products
2026-04-26 06:15:17,226 - INFO - Loaded Refurbed_250504.json with 6743 products
2026-04-26 06:15:17,255 - INFO - Loaded Refurbed_260419.json with 5731 products
2026-04-26 06:15:17,302 - INFO - Loaded Refurbed_250511.json with 6760 products
2026-04-26 06:15:17,330 - INFO - Loaded Refurbed_251026.json with 5729 products
2026-04-26 06:15:17,436 - INFO - Loaded Refurbed_250831.json with 5765 products
2026-04-26 06:15:17,465 - INFO - Loaded Refurbed_250914.json with 5733 products
2026-04-26 06:15:17,511 - INFO - Loaded Refurbed_250622.json with 6847 products
2026-04-26 06:15:17,556 - INFO - Loaded Refurbed_250720.json with 6846 products
2026-04-26 06:15:17,602 - INFO - Loaded Refurbed_250713.json with 6850 products
2026-04-26 06:15:17,648 - INFO - Loaded Refurbed_250817.json with 6846 products
2026-04-26 06:15:17,675 - INFO - Loaded Refurbed_260412.json with 5731 products
2026-04-26 06:15:17,701 - INFO - Loaded Refurbed_260426.json with 5731 products
2026-04-26 06:15:17,728 - INFO - Loaded Refurbed_251228.json with 5726 products
2026-04-26 06:15:17,878 - INFO - Loaded Refurbed_251102.json with 5729 products
2026-04-26 06:15:17,907 - INFO - Loaded Refurbed_251019.json with 5729 products
2026-04-26 06:15:17,954 - INFO - Loaded Refurbed_250608.json with 6849 products
2026-04-26 06:15:17,983 - INFO - Loaded Refurbed_260201.json with 5723 products
2026-04-26 06:15:18,012 - INFO - Loaded Refurbed_260111.json with 5727 products
2026-04-26 06:15:18,041 - INFO - Loaded Refurbed_251005.json with 5731 products
2026-04-26 06:15:18,069 - INFO - Loaded Refurbed_260118.json with 5728 products
2026-04-26 06:15:18,098 - INFO - Loaded Refurbed_260315.json with 5728 products
2026-04-26 06:15:18,128 - INFO - Loaded Refurbed_260222.json with 5730 products
2026-04-26 06:15:18,174 - INFO - Loaded Refurbed_250810.json with 6846 products
2026-04-26 06:15:18,207 - INFO - Loaded Refurbed_250824.json with 6847 products
2026-04-26 06:15:18,234 - INFO - Loaded Refurbed_250928.json with 5729 products
2026-04-26 06:15:18,415 - INFO - Loaded Refurbed_251207.json with 5728 products
2026-04-26 06:15:18,443 - INFO - Loaded Refurbed_250921.json with 5724 products
2026-04-26 06:15:18,470 - INFO - Loaded Refurbed_251123.json with 5729 products
2026-04-26 06:15:18,497 - INFO - Loaded Refurbed_260215.json with 5728 products
2026-04-26 06:15:18,525 - INFO - Loaded Refurbed_251012.json with 5731 products
2026-04-26 06:15:18,571 - INFO - Loaded Refurbed_250615.json with 6850 products
2026-04-26 06:15:18,598 - INFO - Loaded Refurbed_251214.json with 5729 products
2026-04-26 06:15:18,644 - INFO - Loaded Refurbed_250601.json with 6799 products
2026-04-26 06:15:18,690 - INFO - Loaded Refurbed_250518.json with 6773 products
2026-04-26 06:15:18,719 - INFO - Loaded Refurbed_260322.json with 5730 products
2026-04-26 06:15:18,747 - INFO - Loaded Refurbed_260125.json with 5729 products
2026-04-26 06:15:18,775 - INFO - Loaded Refurbed_260308.json with 5731 products
2026-04-26 06:15:18,803 - INFO - Loaded Refurbed_250907.json with 5768 products
2026-04-26 06:15:18,848 - INFO - Loaded Refurbed_250727.json with 6847 products
2026-04-26 06:15:19,075 - INFO - Loaded Refurbed_260329.json with 5730 products
2026-04-26 06:15:19,120 - INFO - Loaded Refurbed_250413.json with 6685 products
2026-04-26 06:15:19,165 - INFO - Loaded Refurbed_250312.json with 6589 products
2026-04-26 06:15:19,193 - INFO - Loaded Refurbed_251221.json with 5726 products
2026-04-26 06:15:19,219 - INFO - Loaded Refurbed_260405.json with 5729 products
2026-04-26 06:15:19,265 - INFO - Loaded Refurbed_250525.json with 6801 products
2026-04-26 06:15:19,312 - INFO - Loaded Refurbed_250706.json with 6849 products
2026-04-26 06:15:19,341 - INFO - Loaded Refurbed_251130.json with 5729 products
2026-04-26 06:15:19,368 - INFO - Loaded Refurbed_251116.json with 5716 products
2026-04-26 06:15:19,368 - INFO - Found 55 data files
2026-04-26 06:15:19,368 - INFO - Preparing price history...
2026-04-26 06:15:19,553 - INFO - Prepared price history for 6865 products
2026-04-26 06:15:19,553 - INFO - Building prediction models...
2026-04-26 06:15:25,389 - INFO - Built prediction models for 6852 products
2026-04-26 06:15:25,389 - INFO - Generating predictions...
2026-04-26 06:15:26,769 - INFO - Generated predictions for 6852 products
2026-04-26 06:15:26,769 - INFO - Saving predictions...
2026-04-26 06:15:27,152 - INFO - Saved predictions to /home/runner/work/M3-scraper/M3-scraper/docs/price_predictions.json
2026-04-26 06:15:27,153 - INFO - Generating summary statistics...
2026-04-26 06:15:27,159 - INFO - Price prediction process completed successfully
