2025-06-22 05:16:27,915 - INFO - Starting price prediction process
2025-06-22 05:16:27,915 - INFO - Loading data files...
2025-06-22 05:16:27,968 - INFO - Loaded Refurbed_250511.json with 6760 products
2025-06-22 05:16:28,018 - INFO - Loaded Refurbed_250608.json with 6849 products
2025-06-22 05:16:28,068 - INFO - Loaded Refurbed_250601.json with 6799 products
2025-06-22 05:16:28,118 - INFO - Loaded Refurbed_250615.json with 6850 products
2025-06-22 05:16:28,215 - INFO - Loaded Refurbed_250421.json with 6709 products
2025-06-22 05:16:28,266 - INFO - Loaded Refurbed_250622.json with 6847 products
2025-06-22 05:16:28,315 - INFO - Loaded Refurbed_250518.json with 6773 products
2025-06-22 05:16:28,364 - INFO - Loaded Refurbed_250413.json with 6685 products
2025-06-22 05:16:28,413 - INFO - Loaded Refurbed_250504.json with 6743 products
2025-06-22 05:16:28,462 - INFO - Loaded Refurbed_250525.json with 6801 products
2025-06-22 05:16:28,511 - INFO - Loaded Refurbed_250312.json with 6589 products
2025-06-22 05:16:28,511 - INFO - Found 11 data files
2025-06-22 05:16:28,511 - INFO - Preparing price history...
2025-06-22 05:16:28,711 - INFO - Prepared price history for 6865 products
2025-06-22 05:16:28,711 - INFO - Building prediction models...
2025-06-22 05:16:34,652 - INFO - Built prediction models for 6852 products
2025-06-22 05:16:34,652 - INFO - Generating predictions...
2025-06-22 05:16:36,144 - INFO - Generated predictions for 6852 products
2025-06-22 05:16:36,145 - INFO - Saving predictions...
2025-06-22 05:16:36,535 - INFO - Saved predictions to /home/runner/work/M3-scraper/M3-scraper/docs/price_predictions.json
2025-06-22 05:16:36,537 - INFO - Generating summary statistics...
2025-06-22 05:16:36,544 - INFO - Price prediction process completed successfully
