2026-06-21 07:33:57,104 - INFO - Starting price prediction process
2026-06-21 07:33:57,104 - INFO - Loading data files...
2026-06-21 07:33:57,138 - INFO - Loaded Refurbed_250831.json with 5765 products
2026-06-21 07:33:57,186 - INFO - Loaded Refurbed_250629.json with 6849 products
2026-06-21 07:33:57,214 - INFO - Loaded Refurbed_260531.json with 5734 products
2026-06-21 07:33:57,243 - INFO - Loaded Refurbed_250914.json with 5733 products
2026-06-21 07:33:57,370 - INFO - Loaded Refurbed_250312.json with 6589 products
2026-06-21 07:33:57,417 - INFO - Loaded Refurbed_250608.json with 6849 products
2026-06-21 07:33:57,464 - INFO - Loaded Refurbed_250622.json with 6847 products
2026-06-21 07:33:57,499 - INFO - Loaded Refurbed_250824.json with 6847 products
2026-06-21 07:33:57,527 - INFO - Loaded Refurbed_250928.json with 5729 products
2026-06-21 07:33:57,557 - INFO - Loaded Refurbed_251214.json with 5729 products
2026-06-21 07:33:57,583 - INFO - Loaded Refurbed_260510.json with 5731 products
2026-06-21 07:33:57,729 - INFO - Loaded Refurbed_260614.json with 5485 products
2026-06-21 07:33:57,757 - INFO - Loaded Refurbed_251109.json with 5729 products
2026-06-21 07:33:57,785 - INFO - Loaded Refurbed_250907.json with 5768 products
2026-06-21 07:33:57,814 - INFO - Loaded Refurbed_251019.json with 5729 products
2026-06-21 07:33:57,860 - INFO - Loaded Refurbed_250727.json with 6847 products
2026-06-21 07:33:57,888 - INFO - Loaded Refurbed_260215.json with 5728 products
2026-06-21 07:33:57,933 - INFO - Loaded Refurbed_250803.json with 6847 products
2026-06-21 07:33:57,961 - INFO - Loaded Refurbed_260118.json with 5728 products
2026-06-21 07:33:57,988 - INFO - Loaded Refurbed_260222.json with 5730 products
2026-06-21 07:33:58,015 - INFO - Loaded Refurbed_260426.json with 5731 products
2026-06-21 07:33:58,230 - INFO - Loaded Refurbed_250615.json with 6850 products
2026-06-21 07:33:58,276 - INFO - Loaded Refurbed_250706.json with 6849 products
2026-06-21 07:33:58,304 - INFO - Loaded Refurbed_260201.json with 5723 products
2026-06-21 07:33:58,332 - INFO - Loaded Refurbed_260208.json with 5729 products
2026-06-21 07:33:58,360 - INFO - Loaded Refurbed_251228.json with 5726 products
2026-06-21 07:33:58,391 - INFO - Loaded Refurbed_260329.json with 5730 products
2026-06-21 07:33:58,419 - INFO - Loaded Refurbed_260125.json with 5729 products
2026-06-21 07:33:58,465 - INFO - Loaded Refurbed_250518.json with 6773 products
2026-06-21 07:33:58,494 - INFO - Loaded Refurbed_260104.json with 5728 products
2026-06-21 07:33:58,523 - INFO - Loaded Refurbed_251221.json with 5726 products
2026-06-21 07:33:58,552 - INFO - Loaded Refurbed_260301.json with 5731 products
2026-06-21 07:33:58,787 - INFO - Loaded Refurbed_260503.json with 5732 products
2026-06-21 07:33:58,815 - INFO - Loaded Refurbed_251130.json with 5729 products
2026-06-21 07:33:58,843 - INFO - Loaded Refurbed_260308.json with 5731 products
2026-06-21 07:33:58,889 - INFO - Loaded Refurbed_250720.json with 6846 products
2026-06-21 07:33:58,917 - INFO - Loaded Refurbed_260419.json with 5731 products
2026-06-21 07:33:58,945 - INFO - Loaded Refurbed_260315.json with 5728 products
2026-06-21 07:33:58,972 - INFO - Loaded Refurbed_251102.json with 5729 products
2026-06-21 07:33:59,000 - INFO - Loaded Refurbed_251207.json with 5728 products
2026-06-21 07:33:59,045 - INFO - Loaded Refurbed_250817.json with 6846 products
2026-06-21 07:33:59,072 - INFO - Loaded Refurbed_260412.json with 5731 products
2026-06-21 07:33:59,118 - INFO - Loaded Refurbed_250525.json with 6801 products
2026-06-21 07:33:59,164 - INFO - Loaded Refurbed_250413.json with 6685 products
2026-06-21 07:33:59,210 - INFO - Loaded Refurbed_250713.json with 6850 products
2026-06-21 07:33:59,237 - INFO - Loaded Refurbed_260607.json with 5735 products
2026-06-21 07:33:59,265 - INFO - Loaded Refurbed_251005.json with 5731 products
2026-06-21 07:33:59,570 - INFO - Loaded Refurbed_251012.json with 5731 products
2026-06-21 07:33:59,597 - INFO - Loaded Refurbed_251116.json with 5716 products
2026-06-21 07:33:59,642 - INFO - Loaded Refurbed_250511.json with 6760 products
2026-06-21 07:33:59,671 - INFO - Loaded Refurbed_260405.json with 5729 products
2026-06-21 07:33:59,717 - INFO - Loaded Refurbed_250810.json with 6846 products
2026-06-21 07:33:59,743 - INFO - Loaded Refurbed_260517.json with 5734 products
2026-06-21 07:33:59,768 - INFO - Loaded Refurbed_260621.json with 5486 products
2026-06-21 07:33:59,796 - INFO - Loaded Refurbed_260111.json with 5727 products
2026-06-21 07:33:59,824 - INFO - Loaded Refurbed_251123.json with 5729 products
2026-06-21 07:33:59,870 - INFO - Loaded Refurbed_250421.json with 6709 products
2026-06-21 07:33:59,900 - INFO - Loaded Refurbed_251026.json with 5729 products
2026-06-21 07:33:59,928 - INFO - Loaded Refurbed_260322.json with 5730 products
2026-06-21 07:33:59,954 - INFO - Loaded Refurbed_260524.json with 5733 products
2026-06-21 07:34:00,000 - INFO - Loaded Refurbed_250601.json with 6799 products
2026-06-21 07:34:00,028 - INFO - Loaded Refurbed_250921.json with 5724 products
2026-06-21 07:34:00,075 - INFO - Loaded Refurbed_250504.json with 6743 products
2026-06-21 07:34:00,076 - INFO - Found 63 data files
2026-06-21 07:34:00,076 - INFO - Preparing price history...
2026-06-21 07:34:00,287 - INFO - Prepared price history for 6865 products
2026-06-21 07:34:00,288 - INFO - Building prediction models...
2026-06-21 07:34:05,430 - INFO - Built prediction models for 6852 products
2026-06-21 07:34:05,430 - INFO - Generating predictions...
2026-06-21 07:34:06,559 - INFO - Generated predictions for 6852 products
2026-06-21 07:34:06,559 - INFO - Saving predictions...
2026-06-21 07:34:06,964 - INFO - Saved predictions to /home/runner/work/M3-scraper/M3-scraper/docs/price_predictions.json
2026-06-21 07:34:06,966 - INFO - Generating summary statistics...
2026-06-21 07:34:06,973 - INFO - Price prediction process completed successfully
