2025-11-02 04:32:26,911 - INFO - Starting price prediction process
2025-11-02 04:32:26,911 - INFO - Loading data files...
2025-11-02 04:32:26,961 - INFO - Loaded Refurbed_250622.json with 6847 products
2025-11-02 04:32:26,992 - INFO - Loaded Refurbed_251005.json with 5731 products
2025-11-02 04:32:27,020 - INFO - Loaded Refurbed_251019.json with 5729 products
2025-11-02 04:32:27,069 - INFO - Loaded Refurbed_250810.json with 6846 products
2025-11-02 04:32:27,170 - INFO - Loaded Refurbed_250608.json with 6849 products
2025-11-02 04:32:27,217 - INFO - Loaded Refurbed_250421.json with 6709 products
2025-11-02 04:32:27,265 - INFO - Loaded Refurbed_250727.json with 6847 products
2025-11-02 04:32:27,311 - INFO - Loaded Refurbed_250312.json with 6589 products
2025-11-02 04:32:27,358 - INFO - Loaded Refurbed_250413.json with 6685 products
2025-11-02 04:32:27,406 - INFO - Loaded Refurbed_250518.json with 6773 products
2025-11-02 04:32:27,453 - INFO - Loaded Refurbed_250601.json with 6799 products
2025-11-02 04:32:27,563 - INFO - Loaded Refurbed_250928.json with 5729 products
2025-11-02 04:32:27,612 - INFO - Loaded Refurbed_250629.json with 6849 products
2025-11-02 04:32:27,658 - INFO - Loaded Refurbed_250713.json with 6850 products
2025-11-02 04:32:27,705 - INFO - Loaded Refurbed_250706.json with 6849 products
2025-11-02 04:32:27,753 - INFO - Loaded Refurbed_250511.json with 6760 products
2025-11-02 04:32:27,802 - INFO - Loaded Refurbed_250615.json with 6850 products
2025-11-02 04:32:27,831 - INFO - Loaded Refurbed_251026.json with 5729 products
2025-11-02 04:32:27,878 - INFO - Loaded Refurbed_250504.json with 6743 products
2025-11-02 04:32:27,908 - INFO - Loaded Refurbed_250921.json with 5724 products
2025-11-02 04:32:28,073 - INFO - Loaded Refurbed_250817.json with 6846 products
2025-11-02 04:32:28,121 - INFO - Loaded Refurbed_250720.json with 6846 products
2025-11-02 04:32:28,149 - INFO - Loaded Refurbed_250831.json with 5765 products
2025-11-02 04:32:28,178 - INFO - Loaded Refurbed_251012.json with 5731 products
2025-11-02 04:32:28,225 - INFO - Loaded Refurbed_250803.json with 6847 products
2025-11-02 04:32:28,259 - INFO - Loaded Refurbed_250824.json with 6847 products
2025-11-02 04:32:28,287 - INFO - Loaded Refurbed_250914.json with 5733 products
2025-11-02 04:32:28,315 - INFO - Loaded Refurbed_251102.json with 5729 products
2025-11-02 04:32:28,362 - INFO - Loaded Refurbed_250525.json with 6801 products
2025-11-02 04:32:28,392 - INFO - Loaded Refurbed_250907.json with 5768 products
2025-11-02 04:32:28,392 - INFO - Found 30 data files
2025-11-02 04:32:28,392 - INFO - Preparing price history...
2025-11-02 04:32:28,546 - INFO - Prepared price history for 6865 products
2025-11-02 04:32:28,546 - INFO - Building prediction models...
2025-11-02 04:32:34,634 - INFO - Built prediction models for 6852 products
2025-11-02 04:32:34,634 - INFO - Generating predictions...
2025-11-02 04:32:36,008 - INFO - Generated predictions for 6852 products
2025-11-02 04:32:36,008 - INFO - Saving predictions...
2025-11-02 04:32:36,396 - INFO - Saved predictions to /home/runner/work/M3-scraper/M3-scraper/docs/price_predictions.json
2025-11-02 04:32:36,398 - INFO - Generating summary statistics...
2025-11-02 04:32:36,405 - INFO - Price prediction process completed successfully
