2026-02-22 05:26:05,408 - INFO - Starting price prediction process
2026-02-22 05:26:05,408 - INFO - Loading data files...
2026-02-22 05:26:05,440 - INFO - Loaded Refurbed_260111.json with 5727 products
2026-02-22 05:26:05,488 - INFO - Loaded Refurbed_250622.json with 6847 products
2026-02-22 05:26:05,518 - INFO - Loaded Refurbed_251005.json with 5731 products
2026-02-22 05:26:05,547 - INFO - Loaded Refurbed_251116.json with 5716 products
2026-02-22 05:26:05,642 - INFO - Loaded Refurbed_251019.json with 5729 products
2026-02-22 05:26:05,691 - INFO - Loaded Refurbed_250810.json with 6846 products
2026-02-22 05:26:05,743 - INFO - Loaded Refurbed_250608.json with 6849 products
2026-02-22 05:26:05,772 - INFO - Loaded Refurbed_260215.json with 5728 products
2026-02-22 05:26:05,820 - INFO - Loaded Refurbed_250421.json with 6709 products
2026-02-22 05:26:05,849 - INFO - Loaded Refurbed_260201.json with 5723 products
2026-02-22 05:26:05,898 - INFO - Loaded Refurbed_250727.json with 6847 products
2026-02-22 05:26:06,038 - INFO - Loaded Refurbed_250312.json with 6589 products
2026-02-22 05:26:06,087 - INFO - Loaded Refurbed_250413.json with 6685 products
2026-02-22 05:26:06,117 - INFO - Loaded Refurbed_251228.json with 5726 products
2026-02-22 05:26:06,166 - INFO - Loaded Refurbed_250518.json with 6773 products
2026-02-22 05:26:06,215 - INFO - Loaded Refurbed_250601.json with 6799 products
2026-02-22 05:26:06,245 - INFO - Loaded Refurbed_251221.json with 5726 products
2026-02-22 05:26:06,274 - INFO - Loaded Refurbed_251109.json with 5729 products
2026-02-22 05:26:06,305 - INFO - Loaded Refurbed_250928.json with 5729 products
2026-02-22 05:26:06,462 - INFO - Loaded Refurbed_251123.json with 5729 products
2026-02-22 05:26:06,509 - INFO - Loaded Refurbed_250629.json with 6849 products
2026-02-22 05:26:06,537 - INFO - Loaded Refurbed_260125.json with 5729 products
2026-02-22 05:26:06,585 - INFO - Loaded Refurbed_250713.json with 6850 products
2026-02-22 05:26:06,613 - INFO - Loaded Refurbed_260222.json with 5730 products
2026-02-22 05:26:06,660 - INFO - Loaded Refurbed_250706.json with 6849 products
2026-02-22 05:26:06,708 - INFO - Loaded Refurbed_250511.json with 6760 products
2026-02-22 05:26:06,738 - INFO - Loaded Refurbed_251214.json with 5729 products
2026-02-22 05:26:06,788 - INFO - Loaded Refurbed_250615.json with 6850 products
2026-02-22 05:26:06,817 - INFO - Loaded Refurbed_251130.json with 5729 products
2026-02-22 05:26:06,847 - INFO - Loaded Refurbed_260208.json with 5729 products
2026-02-22 05:26:07,049 - INFO - Loaded Refurbed_251026.json with 5729 products
2026-02-22 05:26:07,097 - INFO - Loaded Refurbed_250504.json with 6743 products
2026-02-22 05:26:07,138 - INFO - Loaded Refurbed_250921.json with 5724 products
2026-02-22 05:26:07,189 - INFO - Loaded Refurbed_250817.json with 6846 products
2026-02-22 05:26:07,238 - INFO - Loaded Refurbed_250720.json with 6846 products
2026-02-22 05:26:07,266 - INFO - Loaded Refurbed_250831.json with 5765 products
2026-02-22 05:26:07,294 - INFO - Loaded Refurbed_251012.json with 5731 products
2026-02-22 05:26:07,324 - INFO - Loaded Refurbed_260118.json with 5728 products
2026-02-22 05:26:07,371 - INFO - Loaded Refurbed_250803.json with 6847 products
2026-02-22 05:26:07,399 - INFO - Loaded Refurbed_260104.json with 5728 products
2026-02-22 05:26:07,433 - INFO - Loaded Refurbed_250824.json with 6847 products
2026-02-22 05:26:07,462 - INFO - Loaded Refurbed_250914.json with 5733 products
2026-02-22 05:26:07,490 - INFO - Loaded Refurbed_251102.json with 5729 products
2026-02-22 05:26:07,538 - INFO - Loaded Refurbed_250525.json with 6801 products
2026-02-22 05:26:07,791 - INFO - Loaded Refurbed_250907.json with 5768 products
2026-02-22 05:26:07,821 - INFO - Loaded Refurbed_251207.json with 5728 products
2026-02-22 05:26:07,821 - INFO - Found 46 data files
2026-02-22 05:26:07,821 - INFO - Preparing price history...
2026-02-22 05:26:08,003 - INFO - Prepared price history for 6865 products
2026-02-22 05:26:08,003 - INFO - Building prediction models...
2026-02-22 05:26:14,021 - INFO - Built prediction models for 6852 products
2026-02-22 05:26:14,022 - INFO - Generating predictions...
2026-02-22 05:26:15,393 - INFO - Generated predictions for 6852 products
2026-02-22 05:26:15,393 - INFO - Saving predictions...
2026-02-22 05:26:15,778 - INFO - Saved predictions to /home/runner/work/M3-scraper/M3-scraper/docs/price_predictions.json
2026-02-22 05:26:15,780 - INFO - Generating summary statistics...
2026-02-22 05:26:15,787 - INFO - Price prediction process completed successfully
