2026-02-01 05:37:13,710 - INFO - Starting price prediction process
2026-02-01 05:37:13,710 - INFO - Loading data files...
2026-02-01 05:37:13,743 - INFO - Loaded Refurbed_260111.json with 5727 products
2026-02-01 05:37:13,792 - INFO - Loaded Refurbed_250622.json with 6847 products
2026-02-01 05:37:13,821 - INFO - Loaded Refurbed_251005.json with 5731 products
2026-02-01 05:37:13,849 - INFO - Loaded Refurbed_251116.json with 5716 products
2026-02-01 05:37:13,879 - INFO - Loaded Refurbed_251019.json with 5729 products
2026-02-01 05:37:13,977 - INFO - Loaded Refurbed_250810.json with 6846 products
2026-02-01 05:37:14,024 - INFO - Loaded Refurbed_250608.json with 6849 products
2026-02-01 05:37:14,071 - INFO - Loaded Refurbed_250421.json with 6709 products
2026-02-01 05:37:14,101 - INFO - Loaded Refurbed_260201.json with 5723 products
2026-02-01 05:37:14,149 - INFO - Loaded Refurbed_250727.json with 6847 products
2026-02-01 05:37:14,195 - INFO - Loaded Refurbed_250312.json with 6589 products
2026-02-01 05:37:14,242 - INFO - Loaded Refurbed_250413.json with 6685 products
2026-02-01 05:37:14,357 - INFO - Loaded Refurbed_251228.json with 5726 products
2026-02-01 05:37:14,406 - INFO - Loaded Refurbed_250518.json with 6773 products
2026-02-01 05:37:14,454 - INFO - Loaded Refurbed_250601.json with 6799 products
2026-02-01 05:37:14,484 - INFO - Loaded Refurbed_251221.json with 5726 products
2026-02-01 05:37:14,514 - INFO - Loaded Refurbed_251109.json with 5729 products
2026-02-01 05:37:14,544 - INFO - Loaded Refurbed_250928.json with 5729 products
2026-02-01 05:37:14,572 - INFO - Loaded Refurbed_251123.json with 5729 products
2026-02-01 05:37:14,620 - INFO - Loaded Refurbed_250629.json with 6849 products
2026-02-01 05:37:14,648 - INFO - Loaded Refurbed_260125.json with 5729 products
2026-02-01 05:37:14,824 - INFO - Loaded Refurbed_250713.json with 6850 products
2026-02-01 05:37:14,872 - INFO - Loaded Refurbed_250706.json with 6849 products
2026-02-01 05:37:14,919 - INFO - Loaded Refurbed_250511.json with 6760 products
2026-02-01 05:37:14,949 - INFO - Loaded Refurbed_251214.json with 5729 products
2026-02-01 05:37:14,998 - INFO - Loaded Refurbed_250615.json with 6850 products
2026-02-01 05:37:15,026 - INFO - Loaded Refurbed_251130.json with 5729 products
2026-02-01 05:37:15,055 - INFO - Loaded Refurbed_251026.json with 5729 products
2026-02-01 05:37:15,102 - INFO - Loaded Refurbed_250504.json with 6743 products
2026-02-01 05:37:15,132 - INFO - Loaded Refurbed_250921.json with 5724 products
2026-02-01 05:37:15,180 - INFO - Loaded Refurbed_250817.json with 6846 products
2026-02-01 05:37:15,228 - INFO - Loaded Refurbed_250720.json with 6846 products
2026-02-01 05:37:15,420 - INFO - Loaded Refurbed_250831.json with 5765 products
2026-02-01 05:37:15,449 - INFO - Loaded Refurbed_251012.json with 5731 products
2026-02-01 05:37:15,478 - INFO - Loaded Refurbed_260118.json with 5728 products
2026-02-01 05:37:15,525 - INFO - Loaded Refurbed_250803.json with 6847 products
2026-02-01 05:37:15,552 - INFO - Loaded Refurbed_260104.json with 5728 products
2026-02-01 05:37:15,586 - INFO - Loaded Refurbed_250824.json with 6847 products
2026-02-01 05:37:15,614 - INFO - Loaded Refurbed_250914.json with 5733 products
2026-02-01 05:37:15,642 - INFO - Loaded Refurbed_251102.json with 5729 products
2026-02-01 05:37:15,690 - INFO - Loaded Refurbed_250525.json with 6801 products
2026-02-01 05:37:15,721 - INFO - Loaded Refurbed_250907.json with 5768 products
2026-02-01 05:37:15,751 - INFO - Loaded Refurbed_251207.json with 5728 products
2026-02-01 05:37:15,751 - INFO - Found 43 data files
2026-02-01 05:37:15,751 - INFO - Preparing price history...
2026-02-01 05:37:15,916 - INFO - Prepared price history for 6865 products
2026-02-01 05:37:15,916 - INFO - Building prediction models...
2026-02-01 05:37:21,801 - INFO - Built prediction models for 6852 products
2026-02-01 05:37:21,801 - INFO - Generating predictions...
2026-02-01 05:37:23,367 - INFO - Generated predictions for 6852 products
2026-02-01 05:37:23,368 - INFO - Saving predictions...
2026-02-01 05:37:23,747 - INFO - Saved predictions to /home/runner/work/M3-scraper/M3-scraper/docs/price_predictions.json
2026-02-01 05:37:23,749 - INFO - Generating summary statistics...
2026-02-01 05:37:23,755 - INFO - Price prediction process completed successfully
