2026-10-04 07:58:24,984 - INFO - Starting price prediction process
2026-10-04 07:58:24,984 - INFO - Loading data files...
2026-10-04 07:58:25,003 - INFO - Loaded Refurbed_250921.json with 5724 products
2026-10-04 07:58:25,029 - INFO - Loaded Refurbed_250312.json with 6589 products
2026-10-04 07:58:25,045 - INFO - Loaded Refurbed_260201.json with 5723 products
2026-10-04 07:58:25,071 - INFO - Loaded Refurbed_250817.json with 6846 products
2026-10-04 07:58:25,144 - INFO - Loaded Refurbed_260524.json with 5733 products
2026-10-04 07:58:25,170 - INFO - Loaded Refurbed_250421.json with 6709 products
2026-10-04 07:58:25,196 - INFO - Loaded Refurbed_250511.json with 6760 products
2026-10-04 07:58:25,222 - INFO - Loaded Refurbed_250601.json with 6799 products
2026-10-04 07:58:25,236 - INFO - Loaded Refurbed_260628.json with 5486 products
2026-10-04 07:58:25,253 - INFO - Loaded Refurbed_251214.json with 5729 products
2026-10-04 07:58:25,269 - INFO - Loaded Refurbed_251012.json with 5731 products
2026-10-04 07:58:25,364 - INFO - Loaded Refurbed_260913.json with 5485 products
2026-10-04 07:58:25,380 - INFO - Loaded Refurbed_250831.json with 5765 products
2026-10-04 07:58:25,395 - INFO - Loaded Refurbed_251116.json with 5716 products
2026-10-04 07:58:25,411 - INFO - Loaded Refurbed_250914.json with 5733 products
2026-10-04 07:58:25,437 - INFO - Loaded Refurbed_250608.json with 6849 products
2026-10-04 07:58:25,453 - INFO - Loaded Refurbed_251123.json with 5729 products
2026-10-04 07:58:25,479 - INFO - Loaded Refurbed_250518.json with 6773 products
2026-10-04 07:58:25,495 - INFO - Loaded Refurbed_260215.json with 5728 products
2026-10-04 07:58:25,510 - INFO - Loaded Refurbed_260614.json with 5485 products
2026-10-04 07:58:25,686 - INFO - Loaded Refurbed_260426.json with 5731 products
2026-10-04 07:58:25,723 - INFO - Loaded Refurbed_250706.json with 6849 products
2026-10-04 07:58:25,740 - INFO - Loaded Refurbed_250907.json with 5768 products
2026-10-04 07:58:25,767 - INFO - Loaded Refurbed_250727.json with 6847 products
2026-10-04 07:58:25,781 - INFO - Loaded Refurbed_260531.json with 5734 products
2026-10-04 07:58:25,796 - INFO - Loaded Refurbed_260125.json with 5729 products
2026-10-04 07:58:25,810 - INFO - Loaded Refurbed_260823.json with 5486 products
2026-10-04 07:58:25,826 - INFO - Loaded Refurbed_260322.json with 5730 products
2026-10-04 07:58:25,841 - INFO - Loaded Refurbed_260419.json with 5731 products
2026-10-04 07:58:25,857 - INFO - Loaded Refurbed_260405.json with 5729 products
2026-10-04 07:58:25,870 - INFO - Loaded Refurbed_260726.json with 5151 products
2026-10-04 07:58:25,886 - INFO - Loaded Refurbed_260705.json with 5486 products
2026-10-04 07:58:26,067 - INFO - Loaded Refurbed_260308.json with 5731 products
2026-10-04 07:58:26,080 - INFO - Loaded Refurbed_260927.json with 5484 products
2026-10-04 07:58:26,096 - INFO - Loaded Refurbed_260111.json with 5727 products
2026-10-04 07:58:26,112 - INFO - Loaded Refurbed_251026.json with 5729 products
2026-10-04 07:58:26,127 - INFO - Loaded Refurbed_251102.json with 5729 products
2026-10-04 07:58:26,140 - INFO - Loaded Refurbed_260906.json with 5486 products
2026-10-04 07:58:26,156 - INFO - Loaded Refurbed_251109.json with 5729 products
2026-10-04 07:58:26,171 - INFO - Loaded Refurbed_251005.json with 5731 products
2026-10-04 07:58:26,196 - INFO - Loaded Refurbed_250810.json with 6846 products
2026-10-04 07:58:26,222 - INFO - Loaded Refurbed_250622.json with 6847 products
2026-10-04 07:58:26,237 - INFO - Loaded Refurbed_260607.json with 5735 products
2026-10-04 07:58:26,252 - INFO - Loaded Refurbed_260329.json with 5730 products
2026-10-04 07:58:26,268 - INFO - Loaded Refurbed_251221.json with 5726 products
2026-10-04 07:58:26,281 - INFO - Loaded Refurbed_260920.json with 5483 products
2026-10-04 07:58:26,532 - INFO - Loaded Refurbed_260301.json with 5731 products
2026-10-04 07:58:26,546 - INFO - Loaded Refurbed_260503.json with 5732 products
2026-10-04 07:58:26,562 - INFO - Loaded Refurbed_250928.json with 5729 products
2026-10-04 07:58:26,577 - INFO - Loaded Refurbed_251207.json with 5728 products
2026-10-04 07:58:26,591 - INFO - Loaded Refurbed_260830.json with 5486 products
2026-10-04 07:58:26,617 - INFO - Loaded Refurbed_250413.json with 6685 products
2026-10-04 07:58:26,633 - INFO - Loaded Refurbed_260104.json with 5728 products
2026-10-04 07:58:26,648 - INFO - Loaded Refurbed_260510.json with 5731 products
2026-10-04 07:58:26,663 - INFO - Loaded Refurbed_260712.json with 5486 products
2026-10-04 07:58:26,682 - INFO - Loaded Refurbed_250824.json with 6847 products
2026-10-04 07:58:26,696 - INFO - Loaded Refurbed_260809.json with 5486 products
2026-10-04 07:58:26,710 - INFO - Loaded Refurbed_260517.json with 5734 products
2026-10-04 07:58:26,735 - INFO - Loaded Refurbed_250615.json with 6850 products
2026-10-04 07:58:26,751 - INFO - Loaded Refurbed_260412.json with 5731 products
2026-10-04 07:58:26,777 - INFO - Loaded Refurbed_250720.json with 6846 products
2026-10-04 07:58:26,792 - INFO - Loaded Refurbed_260719.json with 5486 products
2026-10-04 07:58:26,818 - INFO - Loaded Refurbed_250713.json with 6850 products
2026-10-04 07:58:26,833 - INFO - Loaded Refurbed_260118.json with 5728 products
2026-10-04 07:58:27,160 - INFO - Loaded Refurbed_250525.json with 6801 products
2026-10-04 07:58:27,177 - INFO - Loaded Refurbed_260208.json with 5729 products
2026-10-04 07:58:27,193 - INFO - Loaded Refurbed_260315.json with 5728 products
2026-10-04 07:58:27,220 - INFO - Loaded Refurbed_250803.json with 6847 products
2026-10-04 07:58:27,234 - INFO - Loaded Refurbed_260802.json with 5484 products
2026-10-04 07:58:27,259 - INFO - Loaded Refurbed_250504.json with 6743 products
2026-10-04 07:58:27,276 - INFO - Loaded Refurbed_260222.json with 5730 products
2026-10-04 07:58:27,302 - INFO - Loaded Refurbed_250629.json with 6849 products
2026-10-04 07:58:27,317 - INFO - Loaded Refurbed_251019.json with 5729 products
2026-10-04 07:58:27,332 - INFO - Loaded Refurbed_251228.json with 5726 products
2026-10-04 07:58:27,345 - INFO - Loaded Refurbed_261004.json with 5483 products
2026-10-04 07:58:27,359 - INFO - Loaded Refurbed_260816.json with 5487 products
2026-10-04 07:58:27,373 - INFO - Loaded Refurbed_260621.json with 5486 products
2026-10-04 07:58:27,388 - INFO - Loaded Refurbed_251130.json with 5729 products
2026-10-04 07:58:27,388 - INFO - Found 78 data files
2026-10-04 07:58:27,388 - INFO - Preparing price history...
2026-10-04 07:58:27,536 - INFO - Prepared price history for 6865 products
2026-10-04 07:58:27,536 - INFO - Building prediction models...
2026-10-04 07:58:29,994 - INFO - Built prediction models for 6852 products
2026-10-04 07:58:29,994 - INFO - Generating predictions...
2026-10-04 07:58:30,611 - INFO - Generated predictions for 6852 products
2026-10-04 07:58:30,611 - INFO - Saving predictions...
2026-10-04 07:58:30,828 - INFO - Saved predictions to /home/runner/work/M3-scraper/M3-scraper/docs/price_predictions.json
2026-10-04 07:58:30,829 - INFO - Generating summary statistics...
2026-10-04 07:58:30,834 - INFO - Price prediction process completed successfully
