2025-08-17 05:09:38,900 - INFO - Starting price prediction process
2025-08-17 05:09:38,900 - INFO - Loading data files...
2025-08-17 05:09:38,952 - INFO - Loaded Refurbed_250525.json with 6801 products
2025-08-17 05:09:39,000 - INFO - Loaded Refurbed_250608.json with 6849 products
2025-08-17 05:09:39,049 - INFO - Loaded Refurbed_250629.json with 6849 products
2025-08-17 05:09:39,095 - INFO - Loaded Refurbed_250312.json with 6589 products
2025-08-17 05:09:39,193 - INFO - Loaded Refurbed_250518.json with 6773 products
2025-08-17 05:09:39,242 - INFO - Loaded Refurbed_250622.json with 6847 products
2025-08-17 05:09:39,290 - INFO - Loaded Refurbed_250817.json with 6846 products
2025-08-17 05:09:39,337 - INFO - Loaded Refurbed_250413.json with 6685 products
2025-08-17 05:09:39,385 - INFO - Loaded Refurbed_250511.json with 6760 products
2025-08-17 05:09:39,432 - INFO - Loaded Refurbed_250421.json with 6709 products
2025-08-17 05:09:39,480 - INFO - Loaded Refurbed_250601.json with 6799 products
2025-08-17 05:09:39,604 - INFO - Loaded Refurbed_250810.json with 6846 products
2025-08-17 05:09:39,652 - INFO - Loaded Refurbed_250727.json with 6847 products
2025-08-17 05:09:39,700 - INFO - Loaded Refurbed_250720.json with 6846 products
2025-08-17 05:09:39,747 - INFO - Loaded Refurbed_250803.json with 6847 products
2025-08-17 05:09:39,794 - INFO - Loaded Refurbed_250504.json with 6743 products
2025-08-17 05:09:39,842 - INFO - Loaded Refurbed_250706.json with 6849 products
2025-08-17 05:09:39,891 - INFO - Loaded Refurbed_250713.json with 6850 products
2025-08-17 05:09:39,940 - INFO - Loaded Refurbed_250615.json with 6850 products
2025-08-17 05:09:39,940 - INFO - Found 19 data files
2025-08-17 05:09:39,940 - INFO - Preparing price history...
2025-08-17 05:09:40,192 - INFO - Prepared price history for 6865 products
2025-08-17 05:09:40,192 - INFO - Building prediction models...
2025-08-17 05:09:46,097 - INFO - Built prediction models for 6852 products
2025-08-17 05:09:46,097 - INFO - Generating predictions...
2025-08-17 05:09:47,531 - INFO - Generated predictions for 6852 products
2025-08-17 05:09:47,531 - INFO - Saving predictions...
2025-08-17 05:09:47,922 - INFO - Saved predictions to /home/runner/work/M3-scraper/M3-scraper/docs/price_predictions.json
2025-08-17 05:09:47,924 - INFO - Generating summary statistics...
2025-08-17 05:09:47,931 - INFO - Price prediction process completed successfully
