2025-09-21 04:59:56,082 - INFO - Starting price prediction process
2025-09-21 04:59:56,082 - INFO - Loading data files...
2025-09-21 04:59:56,133 - INFO - Loaded Refurbed_250817.json with 6846 products
2025-09-21 04:59:56,182 - INFO - Loaded Refurbed_250803.json with 6847 products
2025-09-21 04:59:56,230 - INFO - Loaded Refurbed_250518.json with 6773 products
2025-09-21 04:59:56,279 - INFO - Loaded Refurbed_250608.json with 6849 products
2025-09-21 04:59:56,363 - INFO - Loaded Refurbed_250921.json with 5724 products
2025-09-21 04:59:56,411 - INFO - Loaded Refurbed_250421.json with 6709 products
2025-09-21 04:59:56,459 - INFO - Loaded Refurbed_250622.json with 6847 products
2025-09-21 04:59:56,506 - INFO - Loaded Refurbed_250312.json with 6589 products
2025-09-21 04:59:56,555 - INFO - Loaded Refurbed_250615.json with 6850 products
2025-09-21 04:59:56,603 - INFO - Loaded Refurbed_250511.json with 6760 products
2025-09-21 04:59:56,633 - INFO - Loaded Refurbed_250914.json with 5733 products
2025-09-21 04:59:56,771 - INFO - Loaded Refurbed_250713.json with 6850 products
2025-09-21 04:59:56,801 - INFO - Loaded Refurbed_250831.json with 5765 products
2025-09-21 04:59:56,829 - INFO - Loaded Refurbed_250907.json with 5768 products
2025-09-21 04:59:56,864 - INFO - Loaded Refurbed_250824.json with 6847 products
2025-09-21 04:59:56,912 - INFO - Loaded Refurbed_250504.json with 6743 products
2025-09-21 04:59:56,961 - INFO - Loaded Refurbed_250525.json with 6801 products
2025-09-21 04:59:57,009 - INFO - Loaded Refurbed_250629.json with 6849 products
2025-09-21 04:59:57,057 - INFO - Loaded Refurbed_250810.json with 6846 products
2025-09-21 04:59:57,104 - INFO - Loaded Refurbed_250727.json with 6847 products
2025-09-21 04:59:57,280 - INFO - Loaded Refurbed_250601.json with 6799 products
2025-09-21 04:59:57,329 - INFO - Loaded Refurbed_250706.json with 6849 products
2025-09-21 04:59:57,378 - INFO - Loaded Refurbed_250720.json with 6846 products
2025-09-21 04:59:57,426 - INFO - Loaded Refurbed_250413.json with 6685 products
2025-09-21 04:59:57,426 - INFO - Found 24 data files
2025-09-21 04:59:57,426 - INFO - Preparing price history...
2025-09-21 04:59:57,568 - INFO - Prepared price history for 6865 products
2025-09-21 04:59:57,568 - INFO - Building prediction models...
2025-09-21 05:00:03,481 - INFO - Built prediction models for 6852 products
2025-09-21 05:00:03,481 - INFO - Generating predictions...
2025-09-21 05:00:04,890 - INFO - Generated predictions for 6852 products
2025-09-21 05:00:04,890 - INFO - Saving predictions...
2025-09-21 05:00:05,282 - INFO - Saved predictions to /home/runner/work/M3-scraper/M3-scraper/docs/price_predictions.json
2025-09-21 05:00:05,283 - INFO - Generating summary statistics...
2025-09-21 05:00:05,290 - INFO - Price prediction process completed successfully
