2026-09-27 07:11:01,677 - INFO - Starting price prediction process
2026-09-27 07:11:01,678 - INFO - Loading data files...
2026-09-27 07:11:01,709 - INFO - Loaded Refurbed_250921.json with 5724 products
2026-09-27 07:11:01,754 - INFO - Loaded Refurbed_250312.json with 6589 products
2026-09-27 07:11:01,782 - INFO - Loaded Refurbed_260201.json with 5723 products
2026-09-27 07:11:01,828 - INFO - Loaded Refurbed_250817.json with 6846 products
2026-09-27 07:11:01,910 - INFO - Loaded Refurbed_260524.json with 5733 products
2026-09-27 07:11:01,955 - INFO - Loaded Refurbed_250421.json with 6709 products
2026-09-27 07:11:02,001 - INFO - Loaded Refurbed_250511.json with 6760 products
2026-09-27 07:11:02,048 - INFO - Loaded Refurbed_250601.json with 6799 products
2026-09-27 07:11:02,073 - INFO - Loaded Refurbed_260628.json with 5486 products
2026-09-27 07:11:02,102 - INFO - Loaded Refurbed_251214.json with 5729 products
2026-09-27 07:11:02,129 - INFO - Loaded Refurbed_251012.json with 5731 products
2026-09-27 07:11:02,240 - INFO - Loaded Refurbed_260913.json with 5485 products
2026-09-27 07:11:02,268 - INFO - Loaded Refurbed_250831.json with 5765 products
2026-09-27 07:11:02,295 - INFO - Loaded Refurbed_251116.json with 5716 products
2026-09-27 07:11:02,323 - INFO - Loaded Refurbed_250914.json with 5733 products
2026-09-27 07:11:02,368 - INFO - Loaded Refurbed_250608.json with 6849 products
2026-09-27 07:11:02,396 - INFO - Loaded Refurbed_251123.json with 5729 products
2026-09-27 07:11:02,442 - INFO - Loaded Refurbed_250518.json with 6773 products
2026-09-27 07:11:02,470 - INFO - Loaded Refurbed_260215.json with 5728 products
2026-09-27 07:11:02,495 - INFO - Loaded Refurbed_260614.json with 5485 products
2026-09-27 07:11:02,635 - INFO - Loaded Refurbed_260426.json with 5731 products
2026-09-27 07:11:02,679 - INFO - Loaded Refurbed_250706.json with 6849 products
2026-09-27 07:11:02,708 - INFO - Loaded Refurbed_250907.json with 5768 products
2026-09-27 07:11:02,752 - INFO - Loaded Refurbed_250727.json with 6847 products
2026-09-27 07:11:02,778 - INFO - Loaded Refurbed_260531.json with 5734 products
2026-09-27 07:11:02,804 - INFO - Loaded Refurbed_260125.json with 5729 products
2026-09-27 07:11:02,828 - INFO - Loaded Refurbed_260823.json with 5486 products
2026-09-27 07:11:02,856 - INFO - Loaded Refurbed_260322.json with 5730 products
2026-09-27 07:11:02,883 - INFO - Loaded Refurbed_260419.json with 5731 products
2026-09-27 07:11:02,910 - INFO - Loaded Refurbed_260405.json with 5729 products
2026-09-27 07:11:02,932 - INFO - Loaded Refurbed_260726.json with 5151 products
2026-09-27 07:11:03,116 - INFO - Loaded Refurbed_260705.json with 5486 products
2026-09-27 07:11:03,144 - INFO - Loaded Refurbed_260308.json with 5731 products
2026-09-27 07:11:03,167 - INFO - Loaded Refurbed_260927.json with 5484 products
2026-09-27 07:11:03,194 - INFO - Loaded Refurbed_260111.json with 5727 products
2026-09-27 07:11:03,222 - INFO - Loaded Refurbed_251026.json with 5729 products
2026-09-27 07:11:03,248 - INFO - Loaded Refurbed_251102.json with 5729 products
2026-09-27 07:11:03,272 - INFO - Loaded Refurbed_260906.json with 5486 products
2026-09-27 07:11:03,300 - INFO - Loaded Refurbed_251109.json with 5729 products
2026-09-27 07:11:03,327 - INFO - Loaded Refurbed_251005.json with 5731 products
2026-09-27 07:11:03,371 - INFO - Loaded Refurbed_250810.json with 6846 products
2026-09-27 07:11:03,417 - INFO - Loaded Refurbed_250622.json with 6847 products
2026-09-27 07:11:03,442 - INFO - Loaded Refurbed_260607.json with 5735 products
2026-09-27 07:11:03,471 - INFO - Loaded Refurbed_260329.json with 5730 products
2026-09-27 07:11:03,498 - INFO - Loaded Refurbed_251221.json with 5726 products
2026-09-27 07:11:03,521 - INFO - Loaded Refurbed_260920.json with 5483 products
2026-09-27 07:11:03,758 - INFO - Loaded Refurbed_260301.json with 5731 products
2026-09-27 07:11:03,783 - INFO - Loaded Refurbed_260503.json with 5732 products
2026-09-27 07:11:03,811 - INFO - Loaded Refurbed_250928.json with 5729 products
2026-09-27 07:11:03,839 - INFO - Loaded Refurbed_251207.json with 5728 products
2026-09-27 07:11:03,863 - INFO - Loaded Refurbed_260830.json with 5486 products
2026-09-27 07:11:03,907 - INFO - Loaded Refurbed_250413.json with 6685 products
2026-09-27 07:11:03,936 - INFO - Loaded Refurbed_260104.json with 5728 products
2026-09-27 07:11:03,962 - INFO - Loaded Refurbed_260510.json with 5731 products
2026-09-27 07:11:03,987 - INFO - Loaded Refurbed_260712.json with 5486 products
2026-09-27 07:11:04,021 - INFO - Loaded Refurbed_250824.json with 6847 products
2026-09-27 07:11:04,045 - INFO - Loaded Refurbed_260809.json with 5486 products
2026-09-27 07:11:04,070 - INFO - Loaded Refurbed_260517.json with 5734 products
2026-09-27 07:11:04,115 - INFO - Loaded Refurbed_250615.json with 6850 products
2026-09-27 07:11:04,142 - INFO - Loaded Refurbed_260412.json with 5731 products
2026-09-27 07:11:04,188 - INFO - Loaded Refurbed_250720.json with 6846 products
2026-09-27 07:11:04,213 - INFO - Loaded Refurbed_260719.json with 5486 products
2026-09-27 07:11:04,258 - INFO - Loaded Refurbed_250713.json with 6850 products
2026-09-27 07:11:04,285 - INFO - Loaded Refurbed_260118.json with 5728 products
2026-09-27 07:11:04,610 - INFO - Loaded Refurbed_250525.json with 6801 products
2026-09-27 07:11:04,639 - INFO - Loaded Refurbed_260208.json with 5729 products
2026-09-27 07:11:04,666 - INFO - Loaded Refurbed_260315.json with 5728 products
2026-09-27 07:11:04,712 - INFO - Loaded Refurbed_250803.json with 6847 products
2026-09-27 07:11:04,736 - INFO - Loaded Refurbed_260802.json with 5484 products
2026-09-27 07:11:04,780 - INFO - Loaded Refurbed_250504.json with 6743 products
2026-09-27 07:11:04,809 - INFO - Loaded Refurbed_260222.json with 5730 products
2026-09-27 07:11:04,854 - INFO - Loaded Refurbed_250629.json with 6849 products
2026-09-27 07:11:04,881 - INFO - Loaded Refurbed_251019.json with 5729 products
2026-09-27 07:11:04,908 - INFO - Loaded Refurbed_251228.json with 5726 products
2026-09-27 07:11:04,932 - INFO - Loaded Refurbed_260816.json with 5487 products
2026-09-27 07:11:04,957 - INFO - Loaded Refurbed_260621.json with 5486 products
2026-09-27 07:11:04,984 - INFO - Loaded Refurbed_251130.json with 5729 products
2026-09-27 07:11:04,984 - INFO - Found 77 data files
2026-09-27 07:11:04,984 - INFO - Preparing price history...
2026-09-27 07:11:05,193 - INFO - Prepared price history for 6865 products
2026-09-27 07:11:05,194 - INFO - Building prediction models...
2026-09-27 07:11:11,227 - INFO - Built prediction models for 6852 products
2026-09-27 07:11:11,227 - INFO - Generating predictions...
2026-09-27 07:11:12,624 - INFO - Generated predictions for 6852 products
2026-09-27 07:11:12,624 - INFO - Saving predictions...
2026-09-27 07:11:13,019 - INFO - Saved predictions to /home/runner/work/M3-scraper/M3-scraper/docs/price_predictions.json
2026-09-27 07:11:13,021 - INFO - Generating summary statistics...
2026-09-27 07:11:13,030 - INFO - Price prediction process completed successfully
