2026-05-31 06:55:25,180 - INFO - Starting price prediction process
2026-05-31 06:55:25,180 - INFO - Loading data files...
2026-05-31 06:55:25,211 - INFO - Loaded Refurbed_251123.json with 5729 products
2026-05-31 06:55:25,240 - INFO - Loaded Refurbed_260308.json with 5731 products
2026-05-31 06:55:25,268 - INFO - Loaded Refurbed_260201.json with 5723 products
2026-05-31 06:55:25,297 - INFO - Loaded Refurbed_260315.json with 5728 products
2026-05-31 06:55:25,407 - INFO - Loaded Refurbed_250525.json with 6801 products
2026-05-31 06:55:25,435 - INFO - Loaded Refurbed_260125.json with 5729 products
2026-05-31 06:55:25,462 - INFO - Loaded Refurbed_260524.json with 5733 products
2026-05-31 06:55:25,488 - INFO - Loaded Refurbed_260510.json with 5731 products
2026-05-31 06:55:25,516 - INFO - Loaded Refurbed_251207.json with 5728 products
2026-05-31 06:55:25,544 - INFO - Loaded Refurbed_251012.json with 5731 products
2026-05-31 06:55:25,571 - INFO - Loaded Refurbed_260419.json with 5731 products
2026-05-31 06:55:25,599 - INFO - Loaded Refurbed_251109.json with 5729 products
2026-05-31 06:55:25,723 - INFO - Loaded Refurbed_260517.json with 5734 products
2026-05-31 06:55:25,749 - INFO - Loaded Refurbed_260426.json with 5731 products
2026-05-31 06:55:25,777 - INFO - Loaded Refurbed_260111.json with 5727 products
2026-05-31 06:55:25,804 - INFO - Loaded Refurbed_251102.json with 5729 products
2026-05-31 06:55:25,830 - INFO - Loaded Refurbed_260503.json with 5732 products
2026-05-31 06:55:25,876 - INFO - Loaded Refurbed_250312.json with 6589 products
2026-05-31 06:55:25,903 - INFO - Loaded Refurbed_260412.json with 5731 products
2026-05-31 06:55:25,930 - INFO - Loaded Refurbed_251130.json with 5729 products
2026-05-31 06:55:25,957 - INFO - Loaded Refurbed_251116.json with 5716 products
2026-05-31 06:55:26,144 - INFO - Loaded Refurbed_250511.json with 6760 products
2026-05-31 06:55:26,173 - INFO - Loaded Refurbed_251228.json with 5726 products
2026-05-31 06:55:26,202 - INFO - Loaded Refurbed_250831.json with 5765 products
2026-05-31 06:55:26,248 - INFO - Loaded Refurbed_250727.json with 6847 products
2026-05-31 06:55:26,293 - INFO - Loaded Refurbed_250706.json with 6849 products
2026-05-31 06:55:26,339 - INFO - Loaded Refurbed_250713.json with 6850 products
2026-05-31 06:55:26,386 - INFO - Loaded Refurbed_250615.json with 6850 products
2026-05-31 06:55:26,415 - INFO - Loaded Refurbed_251221.json with 5726 products
2026-05-31 06:55:26,461 - INFO - Loaded Refurbed_250817.json with 6846 products
2026-05-31 06:55:26,507 - INFO - Loaded Refurbed_250504.json with 6743 products
2026-05-31 06:55:26,536 - INFO - Loaded Refurbed_260222.json with 5730 products
2026-05-31 06:55:26,744 - INFO - Loaded Refurbed_250907.json with 5768 products
2026-05-31 06:55:26,789 - INFO - Loaded Refurbed_250810.json with 6846 products
2026-05-31 06:55:26,817 - INFO - Loaded Refurbed_250914.json with 5733 products
2026-05-31 06:55:26,861 - INFO - Loaded Refurbed_250720.json with 6846 products
2026-05-31 06:55:26,890 - INFO - Loaded Refurbed_251019.json with 5729 products
2026-05-31 06:55:26,935 - INFO - Loaded Refurbed_250622.json with 6847 products
2026-05-31 06:55:26,963 - INFO - Loaded Refurbed_260208.json with 5729 products
2026-05-31 06:55:26,991 - INFO - Loaded Refurbed_250928.json with 5729 products
2026-05-31 06:55:27,019 - INFO - Loaded Refurbed_251005.json with 5731 products
2026-05-31 06:55:27,053 - INFO - Loaded Refurbed_250824.json with 6847 products
2026-05-31 06:55:27,081 - INFO - Loaded Refurbed_250921.json with 5724 products
2026-05-31 06:55:27,126 - INFO - Loaded Refurbed_250518.json with 6773 products
2026-05-31 06:55:27,173 - INFO - Loaded Refurbed_250803.json with 6847 products
2026-05-31 06:55:27,219 - INFO - Loaded Refurbed_250601.json with 6799 products
2026-05-31 06:55:27,523 - INFO - Loaded Refurbed_250608.json with 6849 products
2026-05-31 06:55:27,550 - INFO - Loaded Refurbed_260531.json with 5734 products
2026-05-31 06:55:27,578 - INFO - Loaded Refurbed_260405.json with 5729 products
2026-05-31 06:55:27,622 - INFO - Loaded Refurbed_250413.json with 6685 products
2026-05-31 06:55:27,652 - INFO - Loaded Refurbed_260215.json with 5728 products
2026-05-31 06:55:27,680 - INFO - Loaded Refurbed_260301.json with 5731 products
2026-05-31 06:55:27,709 - INFO - Loaded Refurbed_251026.json with 5729 products
2026-05-31 06:55:27,737 - INFO - Loaded Refurbed_260104.json with 5728 products
2026-05-31 06:55:27,764 - INFO - Loaded Refurbed_251214.json with 5729 products
2026-05-31 06:55:27,810 - INFO - Loaded Refurbed_250629.json with 6849 products
2026-05-31 06:55:27,855 - INFO - Loaded Refurbed_250421.json with 6709 products
2026-05-31 06:55:27,884 - INFO - Loaded Refurbed_260329.json with 5730 products
2026-05-31 06:55:27,913 - INFO - Loaded Refurbed_260118.json with 5728 products
2026-05-31 06:55:27,940 - INFO - Loaded Refurbed_260322.json with 5730 products
2026-05-31 06:55:27,940 - INFO - Found 60 data files
2026-05-31 06:55:27,940 - INFO - Preparing price history...
2026-05-31 06:55:28,141 - INFO - Prepared price history for 6865 products
2026-05-31 06:55:28,141 - INFO - Building prediction models...
2026-05-31 06:55:32,923 - INFO - Built prediction models for 6852 products
2026-05-31 06:55:32,923 - INFO - Generating predictions...
2026-05-31 06:55:34,048 - INFO - Generated predictions for 6852 products
2026-05-31 06:55:34,048 - INFO - Saving predictions...
2026-05-31 06:55:34,784 - INFO - Saved predictions to /home/runner/work/M3-scraper/M3-scraper/docs/price_predictions.json
2026-05-31 06:55:34,786 - INFO - Generating summary statistics...
2026-05-31 06:55:34,793 - INFO - Price prediction process completed successfully
