2025-07-06 04:56:58,206 - INFO - Starting price prediction process
2025-07-06 04:56:58,206 - INFO - Loading data files...
2025-07-06 04:56:58,257 - INFO - Loaded Refurbed_250525.json with 6801 products
2025-07-06 04:56:58,307 - INFO - Loaded Refurbed_250615.json with 6850 products
2025-07-06 04:56:58,356 - INFO - Loaded Refurbed_250601.json with 6799 products
2025-07-06 04:56:58,404 - INFO - Loaded Refurbed_250312.json with 6589 products
2025-07-06 04:56:58,504 - INFO - Loaded Refurbed_250421.json with 6709 products
2025-07-06 04:56:58,553 - INFO - Loaded Refurbed_250622.json with 6847 products
2025-07-06 04:56:58,602 - INFO - Loaded Refurbed_250518.json with 6773 products
2025-07-06 04:56:58,651 - INFO - Loaded Refurbed_250629.json with 6849 products
2025-07-06 04:56:58,701 - INFO - Loaded Refurbed_250608.json with 6849 products
2025-07-06 04:56:58,749 - INFO - Loaded Refurbed_250511.json with 6760 products
2025-07-06 04:56:58,798 - INFO - Loaded Refurbed_250504.json with 6743 products
2025-07-06 04:56:58,931 - INFO - Loaded Refurbed_250706.json with 6849 products
2025-07-06 04:56:58,980 - INFO - Loaded Refurbed_250413.json with 6685 products
2025-07-06 04:56:58,980 - INFO - Found 13 data files
2025-07-06 04:56:58,980 - INFO - Preparing price history...
2025-07-06 04:56:59,106 - INFO - Prepared price history for 6865 products
2025-07-06 04:56:59,107 - INFO - Building prediction models...
2025-07-06 04:57:04,949 - INFO - Built prediction models for 6852 products
2025-07-06 04:57:04,949 - INFO - Generating predictions...
2025-07-06 04:57:06,429 - INFO - Generated predictions for 6852 products
2025-07-06 04:57:06,429 - INFO - Saving predictions...
2025-07-06 04:57:06,826 - INFO - Saved predictions to /home/runner/work/M3-scraper/M3-scraper/docs/price_predictions.json
2025-07-06 04:57:06,828 - INFO - Generating summary statistics...
2025-07-06 04:57:06,836 - INFO - Price prediction process completed successfully
