2026-08-30 07:15:06,510 - INFO - Starting price prediction process
2026-08-30 07:15:06,510 - INFO - Loading data files...
2026-08-30 07:15:06,558 - INFO - Loaded Refurbed_250312.json with 6589 products
2026-08-30 07:15:06,588 - INFO - Loaded Refurbed_251005.json with 5731 products
2026-08-30 07:15:06,614 - INFO - Loaded Refurbed_260510.json with 5731 products
2026-08-30 07:15:06,642 - INFO - Loaded Refurbed_251109.json with 5729 products
2026-08-30 07:15:06,727 - INFO - Loaded Refurbed_251012.json with 5731 products
2026-08-30 07:15:06,773 - INFO - Loaded Refurbed_250803.json with 6847 products
2026-08-30 07:15:06,817 - INFO - Loaded Refurbed_250413.json with 6685 products
2026-08-30 07:15:06,864 - INFO - Loaded Refurbed_250511.json with 6760 products
2026-08-30 07:15:06,910 - INFO - Loaded Refurbed_250629.json with 6849 products
2026-08-30 07:15:06,937 - INFO - Loaded Refurbed_260517.json with 5734 products
2026-08-30 07:15:06,965 - INFO - Loaded Refurbed_250914.json with 5733 products
2026-08-30 07:15:07,095 - INFO - Loaded Refurbed_250421.json with 6709 products
2026-08-30 07:15:07,125 - INFO - Loaded Refurbed_260104.json with 5728 products
2026-08-30 07:15:07,172 - INFO - Loaded Refurbed_250817.json with 6846 products
2026-08-30 07:15:07,199 - INFO - Loaded Refurbed_250928.json with 5729 products
2026-08-30 07:15:07,226 - INFO - Loaded Refurbed_260222.json with 5730 products
2026-08-30 07:15:07,254 - INFO - Loaded Refurbed_251228.json with 5726 products
2026-08-30 07:15:07,279 - INFO - Loaded Refurbed_260607.json with 5735 products
2026-08-30 07:15:07,307 - INFO - Loaded Refurbed_260118.json with 5728 products
2026-08-30 07:15:07,334 - INFO - Loaded Refurbed_250907.json with 5768 products
2026-08-30 07:15:07,482 - INFO - Loaded Refurbed_260405.json with 5729 products
2026-08-30 07:15:07,528 - INFO - Loaded Refurbed_250622.json with 6847 products
2026-08-30 07:15:07,557 - INFO - Loaded Refurbed_260301.json with 5731 products
2026-08-30 07:15:07,581 - INFO - Loaded Refurbed_260719.json with 5486 products
2026-08-30 07:15:07,606 - INFO - Loaded Refurbed_260830.json with 5486 products
2026-08-30 07:15:07,630 - INFO - Loaded Refurbed_260628.json with 5486 products
2026-08-30 07:15:07,676 - INFO - Loaded Refurbed_250615.json with 6850 products
2026-08-30 07:15:07,704 - INFO - Loaded Refurbed_251130.json with 5729 products
2026-08-30 07:15:07,731 - INFO - Loaded Refurbed_251221.json with 5726 products
2026-08-30 07:15:07,765 - INFO - Loaded Refurbed_250824.json with 6847 products
2026-08-30 07:15:07,790 - INFO - Loaded Refurbed_260524.json with 5733 products
2026-08-30 07:15:07,983 - INFO - Loaded Refurbed_260614.json with 5485 products
2026-08-30 07:15:08,011 - INFO - Loaded Refurbed_251214.json with 5729 products
2026-08-30 07:15:08,039 - INFO - Loaded Refurbed_251207.json with 5728 products
2026-08-30 07:15:08,084 - INFO - Loaded Refurbed_250810.json with 6846 products
2026-08-30 07:15:08,130 - INFO - Loaded Refurbed_250525.json with 6801 products
2026-08-30 07:15:08,157 - INFO - Loaded Refurbed_260705.json with 5486 products
2026-08-30 07:15:08,185 - INFO - Loaded Refurbed_251116.json with 5716 products
2026-08-30 07:15:08,230 - INFO - Loaded Refurbed_250601.json with 6799 products
2026-08-30 07:15:08,259 - INFO - Loaded Refurbed_260322.json with 5730 products
2026-08-30 07:15:08,287 - INFO - Loaded Refurbed_250831.json with 5765 products
2026-08-30 07:15:08,315 - INFO - Loaded Refurbed_260329.json with 5730 products
2026-08-30 07:15:08,361 - INFO - Loaded Refurbed_250713.json with 6850 products
2026-08-30 07:15:08,389 - INFO - Loaded Refurbed_250921.json with 5724 products
2026-08-30 07:15:08,417 - INFO - Loaded Refurbed_260111.json with 5727 products
2026-08-30 07:15:08,672 - INFO - Loaded Refurbed_260125.json with 5729 products
2026-08-30 07:15:08,718 - INFO - Loaded Refurbed_250720.json with 6846 products
2026-08-30 07:15:08,744 - INFO - Loaded Refurbed_260531.json with 5734 products
2026-08-30 07:15:08,772 - INFO - Loaded Refurbed_260201.json with 5723 products
2026-08-30 07:15:08,797 - INFO - Loaded Refurbed_260712.json with 5486 products
2026-08-30 07:15:08,824 - INFO - Loaded Refurbed_251123.json with 5729 products
2026-08-30 07:15:08,870 - INFO - Loaded Refurbed_250706.json with 6849 products
2026-08-30 07:15:08,899 - INFO - Loaded Refurbed_260419.json with 5731 products
2026-08-30 07:15:08,925 - INFO - Loaded Refurbed_260426.json with 5731 products
2026-08-30 07:15:08,953 - INFO - Loaded Refurbed_251026.json with 5729 products
2026-08-30 07:15:08,981 - INFO - Loaded Refurbed_260315.json with 5728 products
2026-08-30 07:15:09,028 - INFO - Loaded Refurbed_250608.json with 6849 products
2026-08-30 07:15:09,057 - INFO - Loaded Refurbed_260208.json with 5729 products
2026-08-30 07:15:09,084 - INFO - Loaded Refurbed_260215.json with 5728 products
2026-08-30 07:15:09,110 - INFO - Loaded Refurbed_260503.json with 5732 products
2026-08-30 07:15:09,155 - INFO - Loaded Refurbed_250504.json with 6743 products
2026-08-30 07:15:09,182 - INFO - Loaded Refurbed_260823.json with 5486 products
2026-08-30 07:15:09,205 - INFO - Loaded Refurbed_260726.json with 5151 products
2026-08-30 07:15:09,551 - INFO - Loaded Refurbed_250518.json with 6773 products
2026-08-30 07:15:09,580 - INFO - Loaded Refurbed_251102.json with 5729 products
2026-08-30 07:15:09,608 - INFO - Loaded Refurbed_251019.json with 5729 products
2026-08-30 07:15:09,633 - INFO - Loaded Refurbed_260621.json with 5486 products
2026-08-30 07:15:09,658 - INFO - Loaded Refurbed_260809.json with 5486 products
2026-08-30 07:15:09,685 - INFO - Loaded Refurbed_260308.json with 5731 products
2026-08-30 07:15:09,712 - INFO - Loaded Refurbed_260412.json with 5731 products
2026-08-30 07:15:09,757 - INFO - Loaded Refurbed_250727.json with 6847 products
2026-08-30 07:15:09,780 - INFO - Loaded Refurbed_260802.json with 5484 products
2026-08-30 07:15:09,804 - INFO - Loaded Refurbed_260816.json with 5487 products
2026-08-30 07:15:09,805 - INFO - Found 73 data files
2026-08-30 07:15:09,805 - INFO - Preparing price history...
2026-08-30 07:15:10,009 - INFO - Prepared price history for 6865 products
2026-08-30 07:15:10,009 - INFO - Building prediction models...
2026-08-30 07:15:16,081 - INFO - Built prediction models for 6852 products
2026-08-30 07:15:16,081 - INFO - Generating predictions...
2026-08-30 07:15:17,469 - INFO - Generated predictions for 6852 products
2026-08-30 07:15:17,469 - INFO - Saving predictions...
2026-08-30 07:15:17,861 - INFO - Saved predictions to /home/runner/work/M3-scraper/M3-scraper/docs/price_predictions.json
2026-08-30 07:15:17,863 - INFO - Generating summary statistics...
2026-08-30 07:15:17,871 - INFO - Price prediction process completed successfully
