2026-09-20 07:05:35,887 - INFO - Starting price prediction process
2026-09-20 07:05:35,887 - INFO - Loading data files...
2026-09-20 07:05:35,916 - INFO - Loaded Refurbed_260503.json with 5732 products
2026-09-20 07:05:35,945 - INFO - Loaded Refurbed_260301.json with 5731 products
2026-09-20 07:05:35,973 - INFO - Loaded Refurbed_260308.json with 5731 products
2026-09-20 07:05:36,020 - INFO - Loaded Refurbed_250413.json with 6685 products
2026-09-20 07:05:36,117 - INFO - Loaded Refurbed_250504.json with 6743 products
2026-09-20 07:05:36,145 - INFO - Loaded Refurbed_250914.json with 5733 products
2026-09-20 07:05:36,173 - INFO - Loaded Refurbed_260215.json with 5728 products
2026-09-20 07:05:36,198 - INFO - Loaded Refurbed_260607.json with 5735 products
2026-09-20 07:05:36,244 - INFO - Loaded Refurbed_250601.json with 6799 products
2026-09-20 07:05:36,272 - INFO - Loaded Refurbed_251109.json with 5729 products
2026-09-20 07:05:36,300 - INFO - Loaded Refurbed_260322.json with 5730 products
2026-09-20 07:05:36,322 - INFO - Loaded Refurbed_260726.json with 5151 products
2026-09-20 07:05:36,430 - INFO - Loaded Refurbed_251130.json with 5729 products
2026-09-20 07:05:36,458 - INFO - Loaded Refurbed_260104.json with 5728 products
2026-09-20 07:05:36,485 - INFO - Loaded Refurbed_260118.json with 5728 products
2026-09-20 07:05:36,531 - INFO - Loaded Refurbed_250608.json with 6849 products
2026-09-20 07:05:36,556 - INFO - Loaded Refurbed_260719.json with 5486 products
2026-09-20 07:05:36,585 - INFO - Loaded Refurbed_260201.json with 5723 products
2026-09-20 07:05:36,611 - INFO - Loaded Refurbed_251102.json with 5729 products
2026-09-20 07:05:36,656 - INFO - Loaded Refurbed_250803.json with 6847 products
2026-09-20 07:05:36,701 - INFO - Loaded Refurbed_250421.json with 6709 products
2026-09-20 07:05:36,834 - INFO - Loaded Refurbed_260712.json with 5486 products
2026-09-20 07:05:36,862 - INFO - Loaded Refurbed_260315.json with 5728 products
2026-09-20 07:05:36,888 - INFO - Loaded Refurbed_260531.json with 5734 products
2026-09-20 07:05:36,915 - INFO - Loaded Refurbed_251228.json with 5726 products
2026-09-20 07:05:36,943 - INFO - Loaded Refurbed_251214.json with 5729 products
2026-09-20 07:05:36,989 - INFO - Loaded Refurbed_250720.json with 6846 products
2026-09-20 07:05:37,017 - INFO - Loaded Refurbed_260125.json with 5729 products
2026-09-20 07:05:37,041 - INFO - Loaded Refurbed_260628.json with 5486 products
2026-09-20 07:05:37,087 - INFO - Loaded Refurbed_250615.json with 6850 products
2026-09-20 07:05:37,112 - INFO - Loaded Refurbed_260913.json with 5485 products
2026-09-20 07:05:37,137 - INFO - Loaded Refurbed_260524.json with 5733 products
2026-09-20 07:05:37,166 - INFO - Loaded Refurbed_251019.json with 5729 products
2026-09-20 07:05:37,343 - INFO - Loaded Refurbed_260705.json with 5486 products
2026-09-20 07:05:37,388 - INFO - Loaded Refurbed_250622.json with 6847 products
2026-09-20 07:05:37,416 - INFO - Loaded Refurbed_251012.json with 5731 products
2026-09-20 07:05:37,441 - INFO - Loaded Refurbed_260809.json with 5486 products
2026-09-20 07:05:37,464 - INFO - Loaded Refurbed_260906.json with 5486 products
2026-09-20 07:05:37,492 - INFO - Loaded Refurbed_251116.json with 5716 products
2026-09-20 07:05:37,520 - INFO - Loaded Refurbed_260329.json with 5730 products
2026-09-20 07:05:37,545 - INFO - Loaded Refurbed_260621.json with 5486 products
2026-09-20 07:05:37,572 - INFO - Loaded Refurbed_260412.json with 5731 products
2026-09-20 07:05:37,595 - INFO - Loaded Refurbed_260920.json with 5483 products
2026-09-20 07:05:37,641 - INFO - Loaded Refurbed_250706.json with 6849 products
2026-09-20 07:05:37,668 - INFO - Loaded Refurbed_260517.json with 5734 products
2026-09-20 07:05:37,713 - INFO - Loaded Refurbed_250810.json with 6846 products
2026-09-20 07:05:37,757 - INFO - Loaded Refurbed_250817.json with 6846 products
2026-09-20 07:05:37,784 - INFO - Loaded Refurbed_251221.json with 5726 products
2026-09-20 07:05:38,021 - INFO - Loaded Refurbed_260802.json with 5484 products
2026-09-20 07:05:38,048 - INFO - Loaded Refurbed_260419.json with 5731 products
2026-09-20 07:05:38,093 - INFO - Loaded Refurbed_250727.json with 6847 products
2026-09-20 07:05:38,118 - INFO - Loaded Refurbed_260510.json with 5731 products
2026-09-20 07:05:38,145 - INFO - Loaded Refurbed_251123.json with 5729 products
2026-09-20 07:05:38,172 - INFO - Loaded Refurbed_251026.json with 5729 products
2026-09-20 07:05:38,200 - INFO - Loaded Refurbed_260208.json with 5729 products
2026-09-20 07:05:38,245 - INFO - Loaded Refurbed_250525.json with 6801 products
2026-09-20 07:05:38,290 - INFO - Loaded Refurbed_250713.json with 6850 products
2026-09-20 07:05:38,335 - INFO - Loaded Refurbed_250312.json with 6589 products
2026-09-20 07:05:38,362 - INFO - Loaded Refurbed_251207.json with 5728 products
2026-09-20 07:05:38,390 - INFO - Loaded Refurbed_250921.json with 5724 products
2026-09-20 07:05:38,416 - INFO - Loaded Refurbed_260405.json with 5729 products
2026-09-20 07:05:38,445 - INFO - Loaded Refurbed_251005.json with 5731 products
2026-09-20 07:05:38,469 - INFO - Loaded Refurbed_260816.json with 5487 products
2026-09-20 07:05:38,496 - INFO - Loaded Refurbed_250907.json with 5768 products
2026-09-20 07:05:38,524 - INFO - Loaded Refurbed_260111.json with 5727 products
2026-09-20 07:05:38,557 - INFO - Loaded Refurbed_250824.json with 6847 products
2026-09-20 07:05:38,858 - INFO - Loaded Refurbed_260830.json with 5486 products
2026-09-20 07:05:38,886 - INFO - Loaded Refurbed_250928.json with 5729 products
2026-09-20 07:05:38,911 - INFO - Loaded Refurbed_260426.json with 5731 products
2026-09-20 07:05:38,956 - INFO - Loaded Refurbed_250629.json with 6849 products
2026-09-20 07:05:38,982 - INFO - Loaded Refurbed_260222.json with 5730 products
2026-09-20 07:05:39,009 - INFO - Loaded Refurbed_250831.json with 5765 products
2026-09-20 07:05:39,034 - INFO - Loaded Refurbed_260823.json with 5486 products
2026-09-20 07:05:39,058 - INFO - Loaded Refurbed_260614.json with 5485 products
2026-09-20 07:05:39,103 - INFO - Loaded Refurbed_250511.json with 6760 products
2026-09-20 07:05:39,149 - INFO - Loaded Refurbed_250518.json with 6773 products
2026-09-20 07:05:39,149 - INFO - Found 76 data files
2026-09-20 07:05:39,149 - INFO - Preparing price history...
2026-09-20 07:05:39,352 - INFO - Prepared price history for 6865 products
2026-09-20 07:05:39,352 - INFO - Building prediction models...
2026-09-20 07:05:45,349 - INFO - Built prediction models for 6852 products
2026-09-20 07:05:45,349 - INFO - Generating predictions...
2026-09-20 07:05:46,733 - INFO - Generated predictions for 6852 products
2026-09-20 07:05:46,733 - INFO - Saving predictions...
2026-09-20 07:05:47,120 - INFO - Saved predictions to /home/runner/work/M3-scraper/M3-scraper/docs/price_predictions.json
2026-09-20 07:05:47,121 - INFO - Generating summary statistics...
2026-09-20 07:05:47,129 - INFO - Price prediction process completed successfully
