2025-07-20 05:20:00,163 - INFO - Starting price prediction process
2025-07-20 05:20:00,163 - INFO - Loading data files...
2025-07-20 05:20:00,215 - INFO - Loaded Refurbed_250622.json with 6847 products
2025-07-20 05:20:00,263 - INFO - Loaded Refurbed_250511.json with 6760 products
2025-07-20 05:20:00,313 - INFO - Loaded Refurbed_250615.json with 6850 products
2025-07-20 05:20:00,362 - INFO - Loaded Refurbed_250720.json with 6846 products
2025-07-20 05:20:00,466 - INFO - Loaded Refurbed_250504.json with 6743 products
2025-07-20 05:20:00,515 - INFO - Loaded Refurbed_250421.json with 6709 products
2025-07-20 05:20:00,564 - INFO - Loaded Refurbed_250629.json with 6849 products
2025-07-20 05:20:00,612 - INFO - Loaded Refurbed_250413.json with 6685 products
2025-07-20 05:20:00,662 - INFO - Loaded Refurbed_250706.json with 6849 products
2025-07-20 05:20:00,711 - INFO - Loaded Refurbed_250713.json with 6850 products
2025-07-20 05:20:00,759 - INFO - Loaded Refurbed_250601.json with 6799 products
2025-07-20 05:20:00,891 - INFO - Loaded Refurbed_250312.json with 6589 products
2025-07-20 05:20:00,940 - INFO - Loaded Refurbed_250518.json with 6773 products
2025-07-20 05:20:00,989 - INFO - Loaded Refurbed_250525.json with 6801 products
2025-07-20 05:20:01,038 - INFO - Loaded Refurbed_250608.json with 6849 products
2025-07-20 05:20:01,038 - INFO - Found 15 data files
2025-07-20 05:20:01,038 - INFO - Preparing price history...
2025-07-20 05:20:01,172 - INFO - Prepared price history for 6865 products
2025-07-20 05:20:01,173 - INFO - Building prediction models...
2025-07-20 05:20:07,093 - INFO - Built prediction models for 6852 products
2025-07-20 05:20:07,093 - INFO - Generating predictions...
2025-07-20 05:20:08,571 - INFO - Generated predictions for 6852 products
2025-07-20 05:20:08,571 - INFO - Saving predictions...
2025-07-20 05:20:08,961 - INFO - Saved predictions to /home/runner/work/M3-scraper/M3-scraper/docs/price_predictions.json
2025-07-20 05:20:08,963 - INFO - Generating summary statistics...
2025-07-20 05:20:08,969 - INFO - Price prediction process completed successfully
