2025-07-27 05:10:48,023 - INFO - Starting price prediction process
2025-07-27 05:10:48,023 - INFO - Loading data files...
2025-07-27 05:10:48,075 - INFO - Loaded Refurbed_250622.json with 6847 products
2025-07-27 05:10:48,125 - INFO - Loaded Refurbed_250511.json with 6760 products
2025-07-27 05:10:48,175 - INFO - Loaded Refurbed_250615.json with 6850 products
2025-07-27 05:10:48,225 - INFO - Loaded Refurbed_250720.json with 6846 products
2025-07-27 05:10:48,340 - INFO - Loaded Refurbed_250504.json with 6743 products
2025-07-27 05:10:48,388 - INFO - Loaded Refurbed_250421.json with 6709 products
2025-07-27 05:10:48,438 - INFO - Loaded Refurbed_250727.json with 6847 products
2025-07-27 05:10:48,486 - INFO - Loaded Refurbed_250629.json with 6849 products
2025-07-27 05:10:48,533 - INFO - Loaded Refurbed_250413.json with 6685 products
2025-07-27 05:10:48,582 - INFO - Loaded Refurbed_250706.json with 6849 products
2025-07-27 05:10:48,728 - INFO - Loaded Refurbed_250713.json with 6850 products
2025-07-27 05:10:48,778 - INFO - Loaded Refurbed_250601.json with 6799 products
2025-07-27 05:10:48,827 - INFO - Loaded Refurbed_250312.json with 6589 products
2025-07-27 05:10:48,876 - INFO - Loaded Refurbed_250518.json with 6773 products
2025-07-27 05:10:48,928 - INFO - Loaded Refurbed_250525.json with 6801 products
2025-07-27 05:10:48,978 - INFO - Loaded Refurbed_250608.json with 6849 products
2025-07-27 05:10:48,978 - INFO - Found 16 data files
2025-07-27 05:10:48,978 - INFO - Preparing price history...
2025-07-27 05:10:49,120 - INFO - Prepared price history for 6865 products
2025-07-27 05:10:49,120 - INFO - Building prediction models...
2025-07-27 05:10:55,216 - INFO - Built prediction models for 6852 products
2025-07-27 05:10:55,216 - INFO - Generating predictions...
2025-07-27 05:10:56,695 - INFO - Generated predictions for 6852 products
2025-07-27 05:10:56,695 - INFO - Saving predictions...
2025-07-27 05:10:57,104 - INFO - Saved predictions to /home/runner/work/M3-scraper/M3-scraper/docs/price_predictions.json
2025-07-27 05:10:57,106 - INFO - Generating summary statistics...
2025-07-27 05:10:57,115 - INFO - Price prediction process completed successfully
