2025-06-29 04:57:36,830 - INFO - Starting price prediction process
2025-06-29 04:57:36,830 - INFO - Loading data files...
2025-06-29 04:57:36,881 - INFO - Loaded Refurbed_250525.json with 6801 products
2025-06-29 04:57:36,931 - INFO - Loaded Refurbed_250615.json with 6850 products
2025-06-29 04:57:36,979 - INFO - Loaded Refurbed_250601.json with 6799 products
2025-06-29 04:57:37,027 - INFO - Loaded Refurbed_250312.json with 6589 products
2025-06-29 04:57:37,134 - INFO - Loaded Refurbed_250421.json with 6709 products
2025-06-29 04:57:37,184 - INFO - Loaded Refurbed_250622.json with 6847 products
2025-06-29 04:57:37,233 - INFO - Loaded Refurbed_250518.json with 6773 products
2025-06-29 04:57:37,281 - INFO - Loaded Refurbed_250629.json with 6849 products
2025-06-29 04:57:37,330 - INFO - Loaded Refurbed_250608.json with 6849 products
2025-06-29 04:57:37,378 - INFO - Loaded Refurbed_250511.json with 6760 products
2025-06-29 04:57:37,427 - INFO - Loaded Refurbed_250504.json with 6743 products
2025-06-29 04:57:37,575 - INFO - Loaded Refurbed_250413.json with 6685 products
2025-06-29 04:57:37,575 - INFO - Found 12 data files
2025-06-29 04:57:37,575 - INFO - Preparing price history...
2025-06-29 04:57:37,707 - INFO - Prepared price history for 6865 products
2025-06-29 04:57:37,707 - INFO - Building prediction models...
2025-06-29 04:57:43,385 - INFO - Built prediction models for 6852 products
2025-06-29 04:57:43,385 - INFO - Generating predictions...
2025-06-29 04:57:44,855 - INFO - Generated predictions for 6852 products
2025-06-29 04:57:44,855 - INFO - Saving predictions...
2025-06-29 04:57:45,256 - INFO - Saved predictions to /home/runner/work/M3-scraper/M3-scraper/docs/price_predictions.json
2025-06-29 04:57:45,258 - INFO - Generating summary statistics...
2025-06-29 04:57:45,265 - INFO - Price prediction process completed successfully
