2025-09-07 04:47:16,355 - INFO - Starting price prediction process
2025-09-07 04:47:16,355 - INFO - Loading data files...
2025-09-07 04:47:16,405 - INFO - Loaded Refurbed_250817.json with 6846 products
2025-09-07 04:47:16,452 - INFO - Loaded Refurbed_250803.json with 6847 products
2025-09-07 04:47:16,500 - INFO - Loaded Refurbed_250518.json with 6773 products
2025-09-07 04:47:16,547 - INFO - Loaded Refurbed_250608.json with 6849 products
2025-09-07 04:47:16,648 - INFO - Loaded Refurbed_250421.json with 6709 products
2025-09-07 04:47:16,697 - INFO - Loaded Refurbed_250622.json with 6847 products
2025-09-07 04:47:16,744 - INFO - Loaded Refurbed_250312.json with 6589 products
2025-09-07 04:47:16,793 - INFO - Loaded Refurbed_250615.json with 6850 products
2025-09-07 04:47:16,840 - INFO - Loaded Refurbed_250511.json with 6760 products
2025-09-07 04:47:16,888 - INFO - Loaded Refurbed_250713.json with 6850 products
2025-09-07 04:47:16,917 - INFO - Loaded Refurbed_250831.json with 5765 products
2025-09-07 04:47:17,030 - INFO - Loaded Refurbed_250907.json with 5768 products
2025-09-07 04:47:17,064 - INFO - Loaded Refurbed_250824.json with 6847 products
2025-09-07 04:47:17,111 - INFO - Loaded Refurbed_250504.json with 6743 products
2025-09-07 04:47:17,160 - INFO - Loaded Refurbed_250525.json with 6801 products
2025-09-07 04:47:17,208 - INFO - Loaded Refurbed_250629.json with 6849 products
2025-09-07 04:47:17,255 - INFO - Loaded Refurbed_250810.json with 6846 products
2025-09-07 04:47:17,302 - INFO - Loaded Refurbed_250727.json with 6847 products
2025-09-07 04:47:17,351 - INFO - Loaded Refurbed_250601.json with 6799 products
2025-09-07 04:47:17,524 - INFO - Loaded Refurbed_250706.json with 6849 products
2025-09-07 04:47:17,571 - INFO - Loaded Refurbed_250720.json with 6846 products
2025-09-07 04:47:17,619 - INFO - Loaded Refurbed_250413.json with 6685 products
2025-09-07 04:47:17,619 - INFO - Found 22 data files
2025-09-07 04:47:17,619 - INFO - Preparing price history...
2025-09-07 04:47:17,757 - INFO - Prepared price history for 6865 products
2025-09-07 04:47:17,757 - INFO - Building prediction models...
2025-09-07 04:47:23,531 - INFO - Built prediction models for 6852 products
2025-09-07 04:47:23,531 - INFO - Generating predictions...
2025-09-07 04:47:24,952 - INFO - Generated predictions for 6852 products
2025-09-07 04:47:24,952 - INFO - Saving predictions...
2025-09-07 04:47:25,339 - INFO - Saved predictions to /home/runner/work/M3-scraper/M3-scraper/docs/price_predictions.json
2025-09-07 04:47:25,341 - INFO - Generating summary statistics...
2025-09-07 04:47:25,349 - INFO - Price prediction process completed successfully
