2025-09-28 04:51:03,000 - INFO - Starting price prediction process
2025-09-28 04:51:03,000 - INFO - Loading data files...
2025-09-28 04:51:03,051 - INFO - Loaded Refurbed_250622.json with 6847 products
2025-09-28 04:51:03,099 - INFO - Loaded Refurbed_250810.json with 6846 products
2025-09-28 04:51:03,148 - INFO - Loaded Refurbed_250608.json with 6849 products
2025-09-28 04:51:03,195 - INFO - Loaded Refurbed_250421.json with 6709 products
2025-09-28 04:51:03,294 - INFO - Loaded Refurbed_250727.json with 6847 products
2025-09-28 04:51:03,340 - INFO - Loaded Refurbed_250312.json with 6589 products
2025-09-28 04:51:03,386 - INFO - Loaded Refurbed_250413.json with 6685 products
2025-09-28 04:51:03,435 - INFO - Loaded Refurbed_250518.json with 6773 products
2025-09-28 04:51:03,483 - INFO - Loaded Refurbed_250601.json with 6799 products
2025-09-28 04:51:03,514 - INFO - Loaded Refurbed_250928.json with 5729 products
2025-09-28 04:51:03,562 - INFO - Loaded Refurbed_250629.json with 6849 products
2025-09-28 04:51:03,685 - INFO - Loaded Refurbed_250713.json with 6850 products
2025-09-28 04:51:03,732 - INFO - Loaded Refurbed_250706.json with 6849 products
2025-09-28 04:51:03,779 - INFO - Loaded Refurbed_250511.json with 6760 products
2025-09-28 04:51:03,828 - INFO - Loaded Refurbed_250615.json with 6850 products
2025-09-28 04:51:03,876 - INFO - Loaded Refurbed_250504.json with 6743 products
2025-09-28 04:51:03,905 - INFO - Loaded Refurbed_250921.json with 5724 products
2025-09-28 04:51:03,953 - INFO - Loaded Refurbed_250817.json with 6846 products
2025-09-28 04:51:04,001 - INFO - Loaded Refurbed_250720.json with 6846 products
2025-09-28 04:51:04,029 - INFO - Loaded Refurbed_250831.json with 5765 products
2025-09-28 04:51:04,191 - INFO - Loaded Refurbed_250803.json with 6847 products
2025-09-28 04:51:04,225 - INFO - Loaded Refurbed_250824.json with 6847 products
2025-09-28 04:51:04,253 - INFO - Loaded Refurbed_250914.json with 5733 products
2025-09-28 04:51:04,300 - INFO - Loaded Refurbed_250525.json with 6801 products
2025-09-28 04:51:04,330 - INFO - Loaded Refurbed_250907.json with 5768 products
2025-09-28 04:51:04,330 - INFO - Found 25 data files
2025-09-28 04:51:04,330 - INFO - Preparing price history...
2025-09-28 04:51:04,473 - INFO - Prepared price history for 6865 products
2025-09-28 04:51:04,474 - INFO - Building prediction models...
2025-09-28 04:51:10,307 - INFO - Built prediction models for 6852 products
2025-09-28 04:51:10,307 - INFO - Generating predictions...
2025-09-28 04:51:11,705 - INFO - Generated predictions for 6852 products
2025-09-28 04:51:11,705 - INFO - Saving predictions...
2025-09-28 04:51:12,092 - INFO - Saved predictions to /home/runner/work/M3-scraper/M3-scraper/docs/price_predictions.json
2025-09-28 04:51:12,093 - INFO - Generating summary statistics...
2025-09-28 04:51:12,100 - INFO - Price prediction process completed successfully
