2025-11-30 04:51:12,276 - INFO - Starting price prediction process
2025-11-30 04:51:12,276 - INFO - Loading data files...
2025-11-30 04:51:12,323 - INFO - Loaded Refurbed_250622.json with 6847 products
2025-11-30 04:51:12,351 - INFO - Loaded Refurbed_251005.json with 5731 products
2025-11-30 04:51:12,377 - INFO - Loaded Refurbed_251116.json with 5716 products
2025-11-30 04:51:12,404 - INFO - Loaded Refurbed_251019.json with 5729 products
2025-11-30 04:51:12,447 - INFO - Loaded Refurbed_250810.json with 6846 products
2025-11-30 04:51:12,541 - INFO - Loaded Refurbed_250608.json with 6849 products
2025-11-30 04:51:12,584 - INFO - Loaded Refurbed_250421.json with 6709 products
2025-11-30 04:51:12,628 - INFO - Loaded Refurbed_250727.json with 6847 products
2025-11-30 04:51:12,670 - INFO - Loaded Refurbed_250312.json with 6589 products
2025-11-30 04:51:12,713 - INFO - Loaded Refurbed_250413.json with 6685 products
2025-11-30 04:51:12,757 - INFO - Loaded Refurbed_250518.json with 6773 products
2025-11-30 04:51:12,873 - INFO - Loaded Refurbed_250601.json with 6799 products
2025-11-30 04:51:12,900 - INFO - Loaded Refurbed_251109.json with 5729 products
2025-11-30 04:51:12,928 - INFO - Loaded Refurbed_250928.json with 5729 products
2025-11-30 04:51:12,953 - INFO - Loaded Refurbed_251123.json with 5729 products
2025-11-30 04:51:12,996 - INFO - Loaded Refurbed_250629.json with 6849 products
2025-11-30 04:51:13,038 - INFO - Loaded Refurbed_250713.json with 6850 products
2025-11-30 04:51:13,081 - INFO - Loaded Refurbed_250706.json with 6849 products
2025-11-30 04:51:13,124 - INFO - Loaded Refurbed_250511.json with 6760 products
2025-11-30 04:51:13,168 - INFO - Loaded Refurbed_250615.json with 6850 products
2025-11-30 04:51:13,304 - INFO - Loaded Refurbed_251130.json with 5729 products
2025-11-30 04:51:13,330 - INFO - Loaded Refurbed_251026.json with 5729 products
2025-11-30 04:51:13,374 - INFO - Loaded Refurbed_250504.json with 6743 products
2025-11-30 04:51:13,400 - INFO - Loaded Refurbed_250921.json with 5724 products
2025-11-30 04:51:13,444 - INFO - Loaded Refurbed_250817.json with 6846 products
2025-11-30 04:51:13,488 - INFO - Loaded Refurbed_250720.json with 6846 products
2025-11-30 04:51:13,513 - INFO - Loaded Refurbed_250831.json with 5765 products
2025-11-30 04:51:13,540 - INFO - Loaded Refurbed_251012.json with 5731 products
2025-11-30 04:51:13,582 - INFO - Loaded Refurbed_250803.json with 6847 products
2025-11-30 04:51:13,613 - INFO - Loaded Refurbed_250824.json with 6847 products
2025-11-30 04:51:13,638 - INFO - Loaded Refurbed_250914.json with 5733 products
2025-11-30 04:51:13,811 - INFO - Loaded Refurbed_251102.json with 5729 products
2025-11-30 04:51:13,854 - INFO - Loaded Refurbed_250525.json with 6801 products
2025-11-30 04:51:13,881 - INFO - Loaded Refurbed_250907.json with 5768 products
2025-11-30 04:51:13,881 - INFO - Found 34 data files
2025-11-30 04:51:13,881 - INFO - Preparing price history...
2025-11-30 04:51:14,027 - INFO - Prepared price history for 6865 products
2025-11-30 04:51:14,027 - INFO - Building prediction models...
2025-11-30 04:51:18,961 - INFO - Built prediction models for 6852 products
2025-11-30 04:51:18,961 - INFO - Generating predictions...
2025-11-30 04:51:20,137 - INFO - Generated predictions for 6852 products
2025-11-30 04:51:20,137 - INFO - Saving predictions...
2025-11-30 04:51:20,515 - INFO - Saved predictions to /home/runner/work/M3-scraper/M3-scraper/docs/price_predictions.json
2025-11-30 04:51:20,517 - INFO - Generating summary statistics...
2025-11-30 04:51:20,524 - INFO - Price prediction process completed successfully
