2026-02-15 05:19:58,996 - INFO - Starting price prediction process
2026-02-15 05:19:58,996 - INFO - Loading data files...
2026-02-15 05:19:59,029 - INFO - Loaded Refurbed_251228.json with 5726 products
2026-02-15 05:19:59,061 - INFO - Loaded Refurbed_251005.json with 5731 products
2026-02-15 05:19:59,092 - INFO - Loaded Refurbed_251019.json with 5729 products
2026-02-15 05:19:59,123 - INFO - Loaded Refurbed_260208.json with 5729 products
2026-02-15 05:19:59,173 - INFO - Loaded Refurbed_250810.json with 6846 products
2026-02-15 05:19:59,264 - INFO - Loaded Refurbed_251214.json with 5729 products
2026-02-15 05:19:59,315 - INFO - Loaded Refurbed_250608.json with 6849 products
2026-02-15 05:19:59,364 - INFO - Loaded Refurbed_250421.json with 6709 products
2026-02-15 05:19:59,413 - INFO - Loaded Refurbed_250720.json with 6846 products
2026-02-15 05:19:59,444 - INFO - Loaded Refurbed_251123.json with 5729 products
2026-02-15 05:19:59,473 - INFO - Loaded Refurbed_260125.json with 5729 products
2026-02-15 05:19:59,523 - INFO - Loaded Refurbed_250525.json with 6801 products
2026-02-15 05:19:59,650 - INFO - Loaded Refurbed_251026.json with 5729 products
2026-02-15 05:19:59,680 - INFO - Loaded Refurbed_260118.json with 5728 products
2026-02-15 05:19:59,710 - INFO - Loaded Refurbed_250831.json with 5765 products
2026-02-15 05:19:59,740 - INFO - Loaded Refurbed_260201.json with 5723 products
2026-02-15 05:19:59,770 - INFO - Loaded Refurbed_250921.json with 5724 products
2026-02-15 05:19:59,798 - INFO - Loaded Refurbed_251109.json with 5729 products
2026-02-15 05:19:59,828 - INFO - Loaded Refurbed_250907.json with 5768 products
2026-02-15 05:19:59,858 - INFO - Loaded Refurbed_260111.json with 5727 products
2026-02-15 05:19:59,907 - INFO - Loaded Refurbed_250518.json with 6773 products
2026-02-15 05:20:00,090 - INFO - Loaded Refurbed_250504.json with 6743 products
2026-02-15 05:20:00,140 - INFO - Loaded Refurbed_250706.json with 6849 products
2026-02-15 05:20:00,190 - INFO - Loaded Refurbed_250622.json with 6847 products
2026-02-15 05:20:00,221 - INFO - Loaded Refurbed_250928.json with 5729 products
2026-02-15 05:20:00,270 - INFO - Loaded Refurbed_250713.json with 6850 products
2026-02-15 05:20:00,299 - INFO - Loaded Refurbed_251102.json with 5729 products
2026-02-15 05:20:00,328 - INFO - Loaded Refurbed_251130.json with 5729 products
2026-02-15 05:20:00,378 - INFO - Loaded Refurbed_250601.json with 6799 products
2026-02-15 05:20:00,408 - INFO - Loaded Refurbed_250914.json with 5733 products
2026-02-15 05:20:00,457 - INFO - Loaded Refurbed_250629.json with 6849 products
2026-02-15 05:20:00,486 - INFO - Loaded Refurbed_251221.json with 5726 products
2026-02-15 05:20:00,709 - INFO - Loaded Refurbed_250511.json with 6760 products
2026-02-15 05:20:00,758 - INFO - Loaded Refurbed_250413.json with 6685 products
2026-02-15 05:20:00,789 - INFO - Loaded Refurbed_260215.json with 5728 products
2026-02-15 05:20:00,819 - INFO - Loaded Refurbed_260104.json with 5728 products
2026-02-15 05:20:00,868 - INFO - Loaded Refurbed_250817.json with 6846 products
2026-02-15 05:20:00,916 - INFO - Loaded Refurbed_250803.json with 6847 products
2026-02-15 05:20:00,966 - INFO - Loaded Refurbed_250727.json with 6847 products
2026-02-15 05:20:01,016 - INFO - Loaded Refurbed_250615.json with 6850 products
2026-02-15 05:20:01,051 - INFO - Loaded Refurbed_250824.json with 6847 products
2026-02-15 05:20:01,081 - INFO - Loaded Refurbed_251012.json with 5731 products
2026-02-15 05:20:01,130 - INFO - Loaded Refurbed_250312.json with 6589 products
2026-02-15 05:20:01,158 - INFO - Loaded Refurbed_251207.json with 5728 products
2026-02-15 05:20:01,187 - INFO - Loaded Refurbed_251116.json with 5716 products
2026-02-15 05:20:01,187 - INFO - Found 45 data files
2026-02-15 05:20:01,187 - INFO - Preparing price history...
2026-02-15 05:20:01,362 - INFO - Prepared price history for 6865 products
2026-02-15 05:20:01,362 - INFO - Building prediction models...
2026-02-15 05:20:07,480 - INFO - Built prediction models for 6852 products
2026-02-15 05:20:07,481 - INFO - Generating predictions...
2026-02-15 05:20:08,851 - INFO - Generated predictions for 6852 products
2026-02-15 05:20:08,851 - INFO - Saving predictions...
2026-02-15 05:20:09,235 - INFO - Saved predictions to /home/runner/work/M3-scraper/M3-scraper/docs/price_predictions.json
2026-02-15 05:20:09,237 - INFO - Generating summary statistics...
2026-02-15 05:20:09,244 - INFO - Price prediction process completed successfully
