2025-11-09 04:39:37,084 - INFO - Starting price prediction process
2025-11-09 04:39:37,084 - INFO - Loading data files...
2025-11-09 04:39:37,135 - INFO - Loaded Refurbed_250622.json with 6847 products
2025-11-09 04:39:37,165 - INFO - Loaded Refurbed_251005.json with 5731 products
2025-11-09 04:39:37,194 - INFO - Loaded Refurbed_251019.json with 5729 products
2025-11-09 04:39:37,242 - INFO - Loaded Refurbed_250810.json with 6846 products
2025-11-09 04:39:37,348 - INFO - Loaded Refurbed_250608.json with 6849 products
2025-11-09 04:39:37,395 - INFO - Loaded Refurbed_250421.json with 6709 products
2025-11-09 04:39:37,443 - INFO - Loaded Refurbed_250727.json with 6847 products
2025-11-09 04:39:37,489 - INFO - Loaded Refurbed_250312.json with 6589 products
2025-11-09 04:39:37,535 - INFO - Loaded Refurbed_250413.json with 6685 products
2025-11-09 04:39:37,583 - INFO - Loaded Refurbed_250518.json with 6773 products
2025-11-09 04:39:37,632 - INFO - Loaded Refurbed_250601.json with 6799 products
2025-11-09 04:39:37,748 - INFO - Loaded Refurbed_251109.json with 5729 products
2025-11-09 04:39:37,778 - INFO - Loaded Refurbed_250928.json with 5729 products
2025-11-09 04:39:37,825 - INFO - Loaded Refurbed_250629.json with 6849 products
2025-11-09 04:39:37,871 - INFO - Loaded Refurbed_250713.json with 6850 products
2025-11-09 04:39:37,918 - INFO - Loaded Refurbed_250706.json with 6849 products
2025-11-09 04:39:37,964 - INFO - Loaded Refurbed_250511.json with 6760 products
2025-11-09 04:39:38,013 - INFO - Loaded Refurbed_250615.json with 6850 products
2025-11-09 04:39:38,042 - INFO - Loaded Refurbed_251026.json with 5729 products
2025-11-09 04:39:38,090 - INFO - Loaded Refurbed_250504.json with 6743 products
2025-11-09 04:39:38,239 - INFO - Loaded Refurbed_250921.json with 5724 products
2025-11-09 04:39:38,286 - INFO - Loaded Refurbed_250817.json with 6846 products
2025-11-09 04:39:38,334 - INFO - Loaded Refurbed_250720.json with 6846 products
2025-11-09 04:39:38,362 - INFO - Loaded Refurbed_250831.json with 5765 products
2025-11-09 04:39:38,390 - INFO - Loaded Refurbed_251012.json with 5731 products
2025-11-09 04:39:38,436 - INFO - Loaded Refurbed_250803.json with 6847 products
2025-11-09 04:39:38,470 - INFO - Loaded Refurbed_250824.json with 6847 products
2025-11-09 04:39:38,498 - INFO - Loaded Refurbed_250914.json with 5733 products
2025-11-09 04:39:38,525 - INFO - Loaded Refurbed_251102.json with 5729 products
2025-11-09 04:39:38,572 - INFO - Loaded Refurbed_250525.json with 6801 products
2025-11-09 04:39:38,602 - INFO - Loaded Refurbed_250907.json with 5768 products
2025-11-09 04:39:38,602 - INFO - Found 31 data files
2025-11-09 04:39:38,602 - INFO - Preparing price history...
2025-11-09 04:39:38,933 - INFO - Prepared price history for 6865 products
2025-11-09 04:39:38,933 - INFO - Building prediction models...
2025-11-09 04:39:44,874 - INFO - Built prediction models for 6852 products
2025-11-09 04:39:44,874 - INFO - Generating predictions...
2025-11-09 04:39:46,256 - INFO - Generated predictions for 6852 products
2025-11-09 04:39:46,256 - INFO - Saving predictions...
2025-11-09 04:39:46,632 - INFO - Saved predictions to /home/runner/work/M3-scraper/M3-scraper/docs/price_predictions.json
2025-11-09 04:39:46,634 - INFO - Generating summary statistics...
2025-11-09 04:39:46,642 - INFO - Price prediction process completed successfully
