2026-05-10 06:37:43,499 - INFO - Starting price prediction process
2026-05-10 06:37:43,499 - INFO - Loading data files...
2026-05-10 06:37:43,547 - INFO - Loaded Refurbed_250803.json with 6847 products
2026-05-10 06:37:43,576 - INFO - Loaded Refurbed_260301.json with 5731 products
2026-05-10 06:37:43,622 - INFO - Loaded Refurbed_250629.json with 6849 products
2026-05-10 06:37:43,649 - INFO - Loaded Refurbed_251109.json with 5729 products
2026-05-10 06:37:43,739 - INFO - Loaded Refurbed_260208.json with 5729 products
2026-05-10 06:37:43,783 - INFO - Loaded Refurbed_250421.json with 6709 products
2026-05-10 06:37:43,811 - INFO - Loaded Refurbed_260104.json with 5728 products
2026-05-10 06:37:43,858 - INFO - Loaded Refurbed_250504.json with 6743 products
2026-05-10 06:37:43,887 - INFO - Loaded Refurbed_260419.json with 5731 products
2026-05-10 06:37:43,914 - INFO - Loaded Refurbed_260510.json with 5731 products
2026-05-10 06:37:43,987 - INFO - Loaded Refurbed_250511.json with 6760 products
2026-05-10 06:37:44,106 - INFO - Loaded Refurbed_251026.json with 5729 products
2026-05-10 06:37:44,134 - INFO - Loaded Refurbed_250831.json with 5765 products
2026-05-10 06:37:44,163 - INFO - Loaded Refurbed_250914.json with 5733 products
2026-05-10 06:37:44,209 - INFO - Loaded Refurbed_250622.json with 6847 products
2026-05-10 06:37:44,254 - INFO - Loaded Refurbed_250720.json with 6846 products
2026-05-10 06:37:44,300 - INFO - Loaded Refurbed_250713.json with 6850 products
2026-05-10 06:37:44,346 - INFO - Loaded Refurbed_250817.json with 6846 products
2026-05-10 06:37:44,373 - INFO - Loaded Refurbed_260412.json with 5731 products
2026-05-10 06:37:44,399 - INFO - Loaded Refurbed_260426.json with 5731 products
2026-05-10 06:37:44,549 - INFO - Loaded Refurbed_251228.json with 5726 products
2026-05-10 06:37:44,576 - INFO - Loaded Refurbed_251102.json with 5729 products
2026-05-10 06:37:44,604 - INFO - Loaded Refurbed_251019.json with 5729 products
2026-05-10 06:37:44,650 - INFO - Loaded Refurbed_250608.json with 6849 products
2026-05-10 06:37:44,678 - INFO - Loaded Refurbed_260201.json with 5723 products
2026-05-10 06:37:44,705 - INFO - Loaded Refurbed_260111.json with 5727 products
2026-05-10 06:37:44,733 - INFO - Loaded Refurbed_251005.json with 5731 products
2026-05-10 06:37:44,760 - INFO - Loaded Refurbed_260118.json with 5728 products
2026-05-10 06:37:44,787 - INFO - Loaded Refurbed_260315.json with 5728 products
2026-05-10 06:37:44,815 - INFO - Loaded Refurbed_260222.json with 5730 products
2026-05-10 06:37:44,860 - INFO - Loaded Refurbed_250810.json with 6846 products
2026-05-10 06:37:44,892 - INFO - Loaded Refurbed_250824.json with 6847 products
2026-05-10 06:37:45,092 - INFO - Loaded Refurbed_250928.json with 5729 products
2026-05-10 06:37:45,120 - INFO - Loaded Refurbed_251207.json with 5728 products
2026-05-10 06:37:45,148 - INFO - Loaded Refurbed_250921.json with 5724 products
2026-05-10 06:37:45,175 - INFO - Loaded Refurbed_251123.json with 5729 products
2026-05-10 06:37:45,202 - INFO - Loaded Refurbed_260215.json with 5728 products
2026-05-10 06:37:45,230 - INFO - Loaded Refurbed_251012.json with 5731 products
2026-05-10 06:37:45,276 - INFO - Loaded Refurbed_250615.json with 6850 products
2026-05-10 06:37:45,304 - INFO - Loaded Refurbed_251214.json with 5729 products
2026-05-10 06:37:45,350 - INFO - Loaded Refurbed_250601.json with 6799 products
2026-05-10 06:37:45,396 - INFO - Loaded Refurbed_250518.json with 6773 products
2026-05-10 06:37:45,424 - INFO - Loaded Refurbed_260322.json with 5730 products
2026-05-10 06:37:45,453 - INFO - Loaded Refurbed_260125.json with 5729 products
2026-05-10 06:37:45,482 - INFO - Loaded Refurbed_260308.json with 5731 products
2026-05-10 06:37:45,509 - INFO - Loaded Refurbed_250907.json with 5768 products
2026-05-10 06:37:45,779 - INFO - Loaded Refurbed_250727.json with 6847 products
2026-05-10 06:37:45,806 - INFO - Loaded Refurbed_260329.json with 5730 products
2026-05-10 06:37:45,831 - INFO - Loaded Refurbed_260503.json with 5732 products
2026-05-10 06:37:45,876 - INFO - Loaded Refurbed_250413.json with 6685 products
2026-05-10 06:37:45,920 - INFO - Loaded Refurbed_250312.json with 6589 products
2026-05-10 06:37:45,947 - INFO - Loaded Refurbed_251221.json with 5726 products
2026-05-10 06:37:45,973 - INFO - Loaded Refurbed_260405.json with 5729 products
2026-05-10 06:37:46,018 - INFO - Loaded Refurbed_250525.json with 6801 products
2026-05-10 06:37:46,064 - INFO - Loaded Refurbed_250706.json with 6849 products
2026-05-10 06:37:46,093 - INFO - Loaded Refurbed_251130.json with 5729 products
2026-05-10 06:37:46,121 - INFO - Loaded Refurbed_251116.json with 5716 products
2026-05-10 06:37:46,121 - INFO - Found 57 data files
2026-05-10 06:37:46,121 - INFO - Preparing price history...
2026-05-10 06:37:46,308 - INFO - Prepared price history for 6865 products
2026-05-10 06:37:46,308 - INFO - Building prediction models...
2026-05-10 06:37:52,279 - INFO - Built prediction models for 6852 products
2026-05-10 06:37:52,279 - INFO - Generating predictions...
2026-05-10 06:37:53,640 - INFO - Generated predictions for 6852 products
2026-05-10 06:37:53,640 - INFO - Saving predictions...
2026-05-10 06:37:54,038 - INFO - Saved predictions to /home/runner/work/M3-scraper/M3-scraper/docs/price_predictions.json
2026-05-10 06:37:54,040 - INFO - Generating summary statistics...
2026-05-10 06:37:54,048 - INFO - Price prediction process completed successfully
