2026-03-22 05:17:56,221 - INFO - Starting price prediction process
2026-03-22 05:17:56,221 - INFO - Loading data files...
2026-03-22 05:17:56,252 - INFO - Loaded Refurbed_251228.json with 5726 products
2026-03-22 05:17:56,282 - INFO - Loaded Refurbed_251005.json with 5731 products
2026-03-22 05:17:56,311 - INFO - Loaded Refurbed_251019.json with 5729 products
2026-03-22 05:17:56,341 - INFO - Loaded Refurbed_260315.json with 5728 products
2026-03-22 05:17:56,417 - INFO - Loaded Refurbed_260208.json with 5729 products
2026-03-22 05:17:56,465 - INFO - Loaded Refurbed_250810.json with 6846 products
2026-03-22 05:17:56,494 - INFO - Loaded Refurbed_251214.json with 5729 products
2026-03-22 05:17:56,524 - INFO - Loaded Refurbed_260222.json with 5730 products
2026-03-22 05:17:56,572 - INFO - Loaded Refurbed_250608.json with 6849 products
2026-03-22 05:17:56,619 - INFO - Loaded Refurbed_250421.json with 6709 products
2026-03-22 05:17:56,666 - INFO - Loaded Refurbed_250720.json with 6846 products
2026-03-22 05:17:56,768 - INFO - Loaded Refurbed_251123.json with 5729 products
2026-03-22 05:17:56,797 - INFO - Loaded Refurbed_260125.json with 5729 products
2026-03-22 05:17:56,826 - INFO - Loaded Refurbed_260301.json with 5731 products
2026-03-22 05:17:56,874 - INFO - Loaded Refurbed_250525.json with 6801 products
2026-03-22 05:17:56,903 - INFO - Loaded Refurbed_251026.json with 5729 products
2026-03-22 05:17:56,931 - INFO - Loaded Refurbed_260118.json with 5728 products
2026-03-22 05:17:56,960 - INFO - Loaded Refurbed_250831.json with 5765 products
2026-03-22 05:17:56,989 - INFO - Loaded Refurbed_260322.json with 5730 products
2026-03-22 05:17:57,017 - INFO - Loaded Refurbed_260201.json with 5723 products
2026-03-22 05:17:57,046 - INFO - Loaded Refurbed_250921.json with 5724 products
2026-03-22 05:17:57,193 - INFO - Loaded Refurbed_251109.json with 5729 products
2026-03-22 05:17:57,221 - INFO - Loaded Refurbed_250907.json with 5768 products
2026-03-22 05:17:57,250 - INFO - Loaded Refurbed_260111.json with 5727 products
2026-03-22 05:17:57,297 - INFO - Loaded Refurbed_250518.json with 6773 products
2026-03-22 05:17:57,344 - INFO - Loaded Refurbed_250504.json with 6743 products
2026-03-22 05:17:57,392 - INFO - Loaded Refurbed_250706.json with 6849 products
2026-03-22 05:17:57,440 - INFO - Loaded Refurbed_250622.json with 6847 products
2026-03-22 05:17:57,469 - INFO - Loaded Refurbed_250928.json with 5729 products
2026-03-22 05:17:57,517 - INFO - Loaded Refurbed_250713.json with 6850 products
2026-03-22 05:17:57,544 - INFO - Loaded Refurbed_251102.json with 5729 products
2026-03-22 05:17:57,572 - INFO - Loaded Refurbed_251130.json with 5729 products
2026-03-22 05:17:57,770 - INFO - Loaded Refurbed_250601.json with 6799 products
2026-03-22 05:17:57,800 - INFO - Loaded Refurbed_250914.json with 5733 products
2026-03-22 05:17:57,849 - INFO - Loaded Refurbed_250629.json with 6849 products
2026-03-22 05:17:57,876 - INFO - Loaded Refurbed_251221.json with 5726 products
2026-03-22 05:17:57,923 - INFO - Loaded Refurbed_250511.json with 6760 products
2026-03-22 05:17:57,970 - INFO - Loaded Refurbed_250413.json with 6685 products
2026-03-22 05:17:57,999 - INFO - Loaded Refurbed_260215.json with 5728 products
2026-03-22 05:17:58,028 - INFO - Loaded Refurbed_260104.json with 5728 products
2026-03-22 05:17:58,074 - INFO - Loaded Refurbed_250817.json with 6846 products
2026-03-22 05:17:58,121 - INFO - Loaded Refurbed_250803.json with 6847 products
2026-03-22 05:17:58,167 - INFO - Loaded Refurbed_250727.json with 6847 products
2026-03-22 05:17:58,214 - INFO - Loaded Refurbed_250615.json with 6850 products
2026-03-22 05:17:58,243 - INFO - Loaded Refurbed_260308.json with 5731 products
2026-03-22 05:17:58,277 - INFO - Loaded Refurbed_250824.json with 6847 products
2026-03-22 05:17:58,520 - INFO - Loaded Refurbed_251012.json with 5731 products
2026-03-22 05:17:58,566 - INFO - Loaded Refurbed_250312.json with 6589 products
2026-03-22 05:17:58,593 - INFO - Loaded Refurbed_251207.json with 5728 products
2026-03-22 05:17:58,621 - INFO - Loaded Refurbed_251116.json with 5716 products
2026-03-22 05:17:58,621 - INFO - Found 50 data files
2026-03-22 05:17:58,622 - INFO - Preparing price history...
2026-03-22 05:17:58,797 - INFO - Prepared price history for 6865 products
2026-03-22 05:17:58,797 - INFO - Building prediction models...
2026-03-22 05:18:04,707 - INFO - Built prediction models for 6852 products
2026-03-22 05:18:04,707 - INFO - Generating predictions...
2026-03-22 05:18:06,069 - INFO - Generated predictions for 6852 products
2026-03-22 05:18:06,069 - INFO - Saving predictions...
2026-03-22 05:18:06,465 - INFO - Saved predictions to /home/runner/work/M3-scraper/M3-scraper/docs/price_predictions.json
2026-03-22 05:18:06,467 - INFO - Generating summary statistics...
2026-03-22 05:18:06,475 - INFO - Price prediction process completed successfully
