2025-08-03 05:38:09,333 - INFO - Starting price prediction process
2025-08-03 05:38:09,334 - INFO - Loading data files...
2025-08-03 05:38:09,384 - INFO - Loaded Refurbed_250622.json with 6847 products
2025-08-03 05:38:09,432 - INFO - Loaded Refurbed_250511.json with 6760 products
2025-08-03 05:38:09,482 - INFO - Loaded Refurbed_250615.json with 6850 products
2025-08-03 05:38:09,530 - INFO - Loaded Refurbed_250720.json with 6846 products
2025-08-03 05:38:09,635 - INFO - Loaded Refurbed_250504.json with 6743 products
2025-08-03 05:38:09,683 - INFO - Loaded Refurbed_250803.json with 6847 products
2025-08-03 05:38:09,731 - INFO - Loaded Refurbed_250421.json with 6709 products
2025-08-03 05:38:09,779 - INFO - Loaded Refurbed_250727.json with 6847 products
2025-08-03 05:38:09,827 - INFO - Loaded Refurbed_250629.json with 6849 products
2025-08-03 05:38:09,874 - INFO - Loaded Refurbed_250413.json with 6685 products
2025-08-03 05:38:09,922 - INFO - Loaded Refurbed_250706.json with 6849 products
2025-08-03 05:38:10,056 - INFO - Loaded Refurbed_250713.json with 6850 products
2025-08-03 05:38:10,105 - INFO - Loaded Refurbed_250601.json with 6799 products
2025-08-03 05:38:10,153 - INFO - Loaded Refurbed_250312.json with 6589 products
2025-08-03 05:38:10,200 - INFO - Loaded Refurbed_250518.json with 6773 products
2025-08-03 05:38:10,248 - INFO - Loaded Refurbed_250525.json with 6801 products
2025-08-03 05:38:10,296 - INFO - Loaded Refurbed_250608.json with 6849 products
2025-08-03 05:38:10,297 - INFO - Found 17 data files
2025-08-03 05:38:10,297 - INFO - Preparing price history...
2025-08-03 05:38:10,432 - INFO - Prepared price history for 6865 products
2025-08-03 05:38:10,432 - INFO - Building prediction models...
2025-08-03 05:38:16,295 - INFO - Built prediction models for 6852 products
2025-08-03 05:38:16,295 - INFO - Generating predictions...
2025-08-03 05:38:17,729 - INFO - Generated predictions for 6852 products
2025-08-03 05:38:17,729 - INFO - Saving predictions...
2025-08-03 05:38:18,122 - INFO - Saved predictions to /home/runner/work/M3-scraper/M3-scraper/docs/price_predictions.json
2025-08-03 05:38:18,124 - INFO - Generating summary statistics...
2025-08-03 05:38:18,132 - INFO - Price prediction process completed successfully
