2025-10-26 04:41:25,512 - INFO - Starting price prediction process
2025-10-26 04:41:25,512 - INFO - Loading data files...
2025-10-26 04:41:25,565 - INFO - Loaded Refurbed_250622.json with 6847 products
2025-10-26 04:41:25,596 - INFO - Loaded Refurbed_251005.json with 5731 products
2025-10-26 04:41:25,626 - INFO - Loaded Refurbed_251019.json with 5729 products
2025-10-26 04:41:25,674 - INFO - Loaded Refurbed_250810.json with 6846 products
2025-10-26 04:41:25,774 - INFO - Loaded Refurbed_250608.json with 6849 products
2025-10-26 04:41:25,821 - INFO - Loaded Refurbed_250421.json with 6709 products
2025-10-26 04:41:25,870 - INFO - Loaded Refurbed_250727.json with 6847 products
2025-10-26 04:41:25,917 - INFO - Loaded Refurbed_250312.json with 6589 products
2025-10-26 04:41:25,963 - INFO - Loaded Refurbed_250413.json with 6685 products
2025-10-26 04:41:26,012 - INFO - Loaded Refurbed_250518.json with 6773 products
2025-10-26 04:41:26,059 - INFO - Loaded Refurbed_250601.json with 6799 products
2025-10-26 04:41:26,172 - INFO - Loaded Refurbed_250928.json with 5729 products
2025-10-26 04:41:26,222 - INFO - Loaded Refurbed_250629.json with 6849 products
2025-10-26 04:41:26,269 - INFO - Loaded Refurbed_250713.json with 6850 products
2025-10-26 04:41:26,316 - INFO - Loaded Refurbed_250706.json with 6849 products
2025-10-26 04:41:26,364 - INFO - Loaded Refurbed_250511.json with 6760 products
2025-10-26 04:41:26,413 - INFO - Loaded Refurbed_250615.json with 6850 products
2025-10-26 04:41:26,443 - INFO - Loaded Refurbed_251026.json with 5729 products
2025-10-26 04:41:26,492 - INFO - Loaded Refurbed_250504.json with 6743 products
2025-10-26 04:41:26,522 - INFO - Loaded Refurbed_250921.json with 5724 products
2025-10-26 04:41:26,694 - INFO - Loaded Refurbed_250817.json with 6846 products
2025-10-26 04:41:26,742 - INFO - Loaded Refurbed_250720.json with 6846 products
2025-10-26 04:41:26,770 - INFO - Loaded Refurbed_250831.json with 5765 products
2025-10-26 04:41:26,799 - INFO - Loaded Refurbed_251012.json with 5731 products
2025-10-26 04:41:26,846 - INFO - Loaded Refurbed_250803.json with 6847 products
2025-10-26 04:41:26,880 - INFO - Loaded Refurbed_250824.json with 6847 products
2025-10-26 04:41:26,908 - INFO - Loaded Refurbed_250914.json with 5733 products
2025-10-26 04:41:26,957 - INFO - Loaded Refurbed_250525.json with 6801 products
2025-10-26 04:41:26,987 - INFO - Loaded Refurbed_250907.json with 5768 products
2025-10-26 04:41:26,987 - INFO - Found 29 data files
2025-10-26 04:41:26,987 - INFO - Preparing price history...
2025-10-26 04:41:27,141 - INFO - Prepared price history for 6865 products
2025-10-26 04:41:27,141 - INFO - Building prediction models...
2025-10-26 04:41:33,315 - INFO - Built prediction models for 6852 products
2025-10-26 04:41:33,315 - INFO - Generating predictions...
2025-10-26 04:41:34,715 - INFO - Generated predictions for 6852 products
2025-10-26 04:41:34,715 - INFO - Saving predictions...
2025-10-26 04:41:35,103 - INFO - Saved predictions to /home/runner/work/M3-scraper/M3-scraper/docs/price_predictions.json
2025-10-26 04:41:35,105 - INFO - Generating summary statistics...
2025-10-26 04:41:35,111 - INFO - Price prediction process completed successfully
