2025-12-07 04:53:28,444 - INFO - Starting price prediction process
2025-12-07 04:53:28,444 - INFO - Loading data files...
2025-12-07 04:53:28,493 - INFO - Loaded Refurbed_250622.json with 6847 products
2025-12-07 04:53:28,522 - INFO - Loaded Refurbed_251005.json with 5731 products
2025-12-07 04:53:28,550 - INFO - Loaded Refurbed_251116.json with 5716 products
2025-12-07 04:53:28,577 - INFO - Loaded Refurbed_251019.json with 5729 products
2025-12-07 04:53:28,621 - INFO - Loaded Refurbed_250810.json with 6846 products
2025-12-07 04:53:28,726 - INFO - Loaded Refurbed_250608.json with 6849 products
2025-12-07 04:53:28,770 - INFO - Loaded Refurbed_250421.json with 6709 products
2025-12-07 04:53:28,816 - INFO - Loaded Refurbed_250727.json with 6847 products
2025-12-07 04:53:28,860 - INFO - Loaded Refurbed_250312.json with 6589 products
2025-12-07 04:53:28,904 - INFO - Loaded Refurbed_250413.json with 6685 products
2025-12-07 04:53:28,950 - INFO - Loaded Refurbed_250518.json with 6773 products
2025-12-07 04:53:29,085 - INFO - Loaded Refurbed_250601.json with 6799 products
2025-12-07 04:53:29,113 - INFO - Loaded Refurbed_251109.json with 5729 products
2025-12-07 04:53:29,142 - INFO - Loaded Refurbed_250928.json with 5729 products
2025-12-07 04:53:29,168 - INFO - Loaded Refurbed_251123.json with 5729 products
2025-12-07 04:53:29,212 - INFO - Loaded Refurbed_250629.json with 6849 products
2025-12-07 04:53:29,255 - INFO - Loaded Refurbed_250713.json with 6850 products
2025-12-07 04:53:29,300 - INFO - Loaded Refurbed_250706.json with 6849 products
2025-12-07 04:53:29,345 - INFO - Loaded Refurbed_250511.json with 6760 products
2025-12-07 04:53:29,391 - INFO - Loaded Refurbed_250615.json with 6850 products
2025-12-07 04:53:29,544 - INFO - Loaded Refurbed_251130.json with 5729 products
2025-12-07 04:53:29,571 - INFO - Loaded Refurbed_251026.json with 5729 products
2025-12-07 04:53:29,616 - INFO - Loaded Refurbed_250504.json with 6743 products
2025-12-07 04:53:29,644 - INFO - Loaded Refurbed_250921.json with 5724 products
2025-12-07 04:53:29,689 - INFO - Loaded Refurbed_250817.json with 6846 products
2025-12-07 04:53:29,734 - INFO - Loaded Refurbed_250720.json with 6846 products
2025-12-07 04:53:29,760 - INFO - Loaded Refurbed_250831.json with 5765 products
2025-12-07 04:53:29,787 - INFO - Loaded Refurbed_251012.json with 5731 products
2025-12-07 04:53:29,830 - INFO - Loaded Refurbed_250803.json with 6847 products
2025-12-07 04:53:29,863 - INFO - Loaded Refurbed_250824.json with 6847 products
2025-12-07 04:53:29,889 - INFO - Loaded Refurbed_250914.json with 5733 products
2025-12-07 04:53:30,082 - INFO - Loaded Refurbed_251102.json with 5729 products
2025-12-07 04:53:30,127 - INFO - Loaded Refurbed_250525.json with 6801 products
2025-12-07 04:53:30,156 - INFO - Loaded Refurbed_250907.json with 5768 products
2025-12-07 04:53:30,184 - INFO - Loaded Refurbed_251207.json with 5728 products
2025-12-07 04:53:30,184 - INFO - Found 35 data files
2025-12-07 04:53:30,184 - INFO - Preparing price history...
2025-12-07 04:53:30,347 - INFO - Prepared price history for 6865 products
2025-12-07 04:53:30,347 - INFO - Building prediction models...
2025-12-07 04:53:35,374 - INFO - Built prediction models for 6852 products
2025-12-07 04:53:35,374 - INFO - Generating predictions...
2025-12-07 04:53:36,546 - INFO - Generated predictions for 6852 products
2025-12-07 04:53:36,546 - INFO - Saving predictions...
2025-12-07 04:53:36,925 - INFO - Saved predictions to /home/runner/work/M3-scraper/M3-scraper/docs/price_predictions.json
2025-12-07 04:53:36,927 - INFO - Generating summary statistics...
2025-12-07 04:53:36,934 - INFO - Price prediction process completed successfully
