2025-11-16 04:34:50,858 - INFO - Starting price prediction process
2025-11-16 04:34:50,858 - INFO - Loading data files...
2025-11-16 04:34:50,910 - INFO - Loaded Refurbed_250622.json with 6847 products
2025-11-16 04:34:50,939 - INFO - Loaded Refurbed_251005.json with 5731 products
2025-11-16 04:34:50,968 - INFO - Loaded Refurbed_251116.json with 5716 products
2025-11-16 04:34:50,997 - INFO - Loaded Refurbed_251019.json with 5729 products
2025-11-16 04:34:51,044 - INFO - Loaded Refurbed_250810.json with 6846 products
2025-11-16 04:34:51,147 - INFO - Loaded Refurbed_250608.json with 6849 products
2025-11-16 04:34:51,194 - INFO - Loaded Refurbed_250421.json with 6709 products
2025-11-16 04:34:51,242 - INFO - Loaded Refurbed_250727.json with 6847 products
2025-11-16 04:34:51,288 - INFO - Loaded Refurbed_250312.json with 6589 products
2025-11-16 04:34:51,335 - INFO - Loaded Refurbed_250413.json with 6685 products
2025-11-16 04:34:51,384 - INFO - Loaded Refurbed_250518.json with 6773 products
2025-11-16 04:34:51,528 - INFO - Loaded Refurbed_250601.json with 6799 products
2025-11-16 04:34:51,559 - INFO - Loaded Refurbed_251109.json with 5729 products
2025-11-16 04:34:51,588 - INFO - Loaded Refurbed_250928.json with 5729 products
2025-11-16 04:34:51,636 - INFO - Loaded Refurbed_250629.json with 6849 products
2025-11-16 04:34:51,682 - INFO - Loaded Refurbed_250713.json with 6850 products
2025-11-16 04:34:51,728 - INFO - Loaded Refurbed_250706.json with 6849 products
2025-11-16 04:34:51,776 - INFO - Loaded Refurbed_250511.json with 6760 products
2025-11-16 04:34:51,824 - INFO - Loaded Refurbed_250615.json with 6850 products
2025-11-16 04:34:51,854 - INFO - Loaded Refurbed_251026.json with 5729 products
2025-11-16 04:34:52,038 - INFO - Loaded Refurbed_250504.json with 6743 products
2025-11-16 04:34:52,068 - INFO - Loaded Refurbed_250921.json with 5724 products
2025-11-16 04:34:52,116 - INFO - Loaded Refurbed_250817.json with 6846 products
2025-11-16 04:34:52,163 - INFO - Loaded Refurbed_250720.json with 6846 products
2025-11-16 04:34:52,192 - INFO - Loaded Refurbed_250831.json with 5765 products
2025-11-16 04:34:52,220 - INFO - Loaded Refurbed_251012.json with 5731 products
2025-11-16 04:34:52,267 - INFO - Loaded Refurbed_250803.json with 6847 products
2025-11-16 04:34:52,301 - INFO - Loaded Refurbed_250824.json with 6847 products
2025-11-16 04:34:52,328 - INFO - Loaded Refurbed_250914.json with 5733 products
2025-11-16 04:34:52,356 - INFO - Loaded Refurbed_251102.json with 5729 products
2025-11-16 04:34:52,404 - INFO - Loaded Refurbed_250525.json with 6801 products
2025-11-16 04:34:52,599 - INFO - Loaded Refurbed_250907.json with 5768 products
2025-11-16 04:34:52,600 - INFO - Found 32 data files
2025-11-16 04:34:52,600 - INFO - Preparing price history...
2025-11-16 04:34:52,760 - INFO - Prepared price history for 6865 products
2025-11-16 04:34:52,760 - INFO - Building prediction models...
2025-11-16 04:34:58,602 - INFO - Built prediction models for 6852 products
2025-11-16 04:34:58,603 - INFO - Generating predictions...
2025-11-16 04:34:59,987 - INFO - Generated predictions for 6852 products
2025-11-16 04:34:59,987 - INFO - Saving predictions...
2025-11-16 04:35:00,376 - INFO - Saved predictions to /home/runner/work/M3-scraper/M3-scraper/docs/price_predictions.json
2025-11-16 04:35:00,377 - INFO - Generating summary statistics...
2025-11-16 04:35:00,386 - INFO - Price prediction process completed successfully
