2025-12-28 04:57:39,617 - INFO - Starting price prediction process
2025-12-28 04:57:39,617 - INFO - Loading data files...
2025-12-28 04:57:39,668 - INFO - Loaded Refurbed_250622.json with 6847 products
2025-12-28 04:57:39,697 - INFO - Loaded Refurbed_251005.json with 5731 products
2025-12-28 04:57:39,726 - INFO - Loaded Refurbed_251116.json with 5716 products
2025-12-28 04:57:39,756 - INFO - Loaded Refurbed_251019.json with 5729 products
2025-12-28 04:57:39,862 - INFO - Loaded Refurbed_250810.json with 6846 products
2025-12-28 04:57:39,910 - INFO - Loaded Refurbed_250608.json with 6849 products
2025-12-28 04:57:39,956 - INFO - Loaded Refurbed_250421.json with 6709 products
2025-12-28 04:57:40,005 - INFO - Loaded Refurbed_250727.json with 6847 products
2025-12-28 04:57:40,052 - INFO - Loaded Refurbed_250312.json with 6589 products
2025-12-28 04:57:40,099 - INFO - Loaded Refurbed_250413.json with 6685 products
2025-12-28 04:57:40,129 - INFO - Loaded Refurbed_251228.json with 5726 products
2025-12-28 04:57:40,271 - INFO - Loaded Refurbed_250518.json with 6773 products
2025-12-28 04:57:40,320 - INFO - Loaded Refurbed_250601.json with 6799 products
2025-12-28 04:57:40,350 - INFO - Loaded Refurbed_251221.json with 5726 products
2025-12-28 04:57:40,379 - INFO - Loaded Refurbed_251109.json with 5729 products
2025-12-28 04:57:40,408 - INFO - Loaded Refurbed_250928.json with 5729 products
2025-12-28 04:57:40,437 - INFO - Loaded Refurbed_251123.json with 5729 products
2025-12-28 04:57:40,484 - INFO - Loaded Refurbed_250629.json with 6849 products
2025-12-28 04:57:40,531 - INFO - Loaded Refurbed_250713.json with 6850 products
2025-12-28 04:57:40,707 - INFO - Loaded Refurbed_250706.json with 6849 products
2025-12-28 04:57:40,755 - INFO - Loaded Refurbed_250511.json with 6760 products
2025-12-28 04:57:40,785 - INFO - Loaded Refurbed_251214.json with 5729 products
2025-12-28 04:57:40,834 - INFO - Loaded Refurbed_250615.json with 6850 products
2025-12-28 04:57:40,862 - INFO - Loaded Refurbed_251130.json with 5729 products
2025-12-28 04:57:40,892 - INFO - Loaded Refurbed_251026.json with 5729 products
2025-12-28 04:57:40,939 - INFO - Loaded Refurbed_250504.json with 6743 products
2025-12-28 04:57:40,969 - INFO - Loaded Refurbed_250921.json with 5724 products
2025-12-28 04:57:41,018 - INFO - Loaded Refurbed_250817.json with 6846 products
2025-12-28 04:57:41,066 - INFO - Loaded Refurbed_250720.json with 6846 products
2025-12-28 04:57:41,094 - INFO - Loaded Refurbed_250831.json with 5765 products
2025-12-28 04:57:41,295 - INFO - Loaded Refurbed_251012.json with 5731 products
2025-12-28 04:57:41,342 - INFO - Loaded Refurbed_250803.json with 6847 products
2025-12-28 04:57:41,376 - INFO - Loaded Refurbed_250824.json with 6847 products
2025-12-28 04:57:41,404 - INFO - Loaded Refurbed_250914.json with 5733 products
2025-12-28 04:57:41,432 - INFO - Loaded Refurbed_251102.json with 5729 products
2025-12-28 04:57:41,480 - INFO - Loaded Refurbed_250525.json with 6801 products
2025-12-28 04:57:41,510 - INFO - Loaded Refurbed_250907.json with 5768 products
2025-12-28 04:57:41,539 - INFO - Loaded Refurbed_251207.json with 5728 products
2025-12-28 04:57:41,540 - INFO - Found 38 data files
2025-12-28 04:57:41,540 - INFO - Preparing price history...
2025-12-28 04:57:41,706 - INFO - Prepared price history for 6865 products
2025-12-28 04:57:41,706 - INFO - Building prediction models...
2025-12-28 04:57:47,603 - INFO - Built prediction models for 6852 products
2025-12-28 04:57:47,603 - INFO - Generating predictions...
2025-12-28 04:57:48,972 - INFO - Generated predictions for 6852 products
2025-12-28 04:57:48,972 - INFO - Saving predictions...
2025-12-28 04:57:49,357 - INFO - Saved predictions to /home/runner/work/M3-scraper/M3-scraper/docs/price_predictions.json
2025-12-28 04:57:49,359 - INFO - Generating summary statistics...
2025-12-28 04:57:49,367 - INFO - Price prediction process completed successfully
