2025-09-14 04:39:06,624 - INFO - Starting price prediction process
2025-09-14 04:39:06,624 - INFO - Loading data files...
2025-09-14 04:39:06,676 - INFO - Loaded Refurbed_250817.json with 6846 products
2025-09-14 04:39:06,725 - INFO - Loaded Refurbed_250803.json with 6847 products
2025-09-14 04:39:06,774 - INFO - Loaded Refurbed_250518.json with 6773 products
2025-09-14 04:39:06,824 - INFO - Loaded Refurbed_250608.json with 6849 products
2025-09-14 04:39:06,937 - INFO - Loaded Refurbed_250421.json with 6709 products
2025-09-14 04:39:06,985 - INFO - Loaded Refurbed_250622.json with 6847 products
2025-09-14 04:39:07,033 - INFO - Loaded Refurbed_250312.json with 6589 products
2025-09-14 04:39:07,082 - INFO - Loaded Refurbed_250615.json with 6850 products
2025-09-14 04:39:07,131 - INFO - Loaded Refurbed_250511.json with 6760 products
2025-09-14 04:39:07,161 - INFO - Loaded Refurbed_250914.json with 5733 products
2025-09-14 04:39:07,300 - INFO - Loaded Refurbed_250713.json with 6850 products
2025-09-14 04:39:07,330 - INFO - Loaded Refurbed_250831.json with 5765 products
2025-09-14 04:39:07,358 - INFO - Loaded Refurbed_250907.json with 5768 products
2025-09-14 04:39:07,393 - INFO - Loaded Refurbed_250824.json with 6847 products
2025-09-14 04:39:07,441 - INFO - Loaded Refurbed_250504.json with 6743 products
2025-09-14 04:39:07,490 - INFO - Loaded Refurbed_250525.json with 6801 products
2025-09-14 04:39:07,539 - INFO - Loaded Refurbed_250629.json with 6849 products
2025-09-14 04:39:07,586 - INFO - Loaded Refurbed_250810.json with 6846 products
2025-09-14 04:39:07,634 - INFO - Loaded Refurbed_250727.json with 6847 products
2025-09-14 04:39:07,815 - INFO - Loaded Refurbed_250601.json with 6799 products
2025-09-14 04:39:07,865 - INFO - Loaded Refurbed_250706.json with 6849 products
2025-09-14 04:39:07,914 - INFO - Loaded Refurbed_250720.json with 6846 products
2025-09-14 04:39:07,961 - INFO - Loaded Refurbed_250413.json with 6685 products
2025-09-14 04:39:07,961 - INFO - Found 23 data files
2025-09-14 04:39:07,961 - INFO - Preparing price history...
2025-09-14 04:39:08,117 - INFO - Prepared price history for 6865 products
2025-09-14 04:39:08,117 - INFO - Building prediction models...
2025-09-14 04:39:13,989 - INFO - Built prediction models for 6852 products
2025-09-14 04:39:13,989 - INFO - Generating predictions...
2025-09-14 04:39:15,415 - INFO - Generated predictions for 6852 products
2025-09-14 04:39:15,415 - INFO - Saving predictions...
2025-09-14 04:39:15,805 - INFO - Saved predictions to /home/runner/work/M3-scraper/M3-scraper/docs/price_predictions.json
2025-09-14 04:39:15,806 - INFO - Generating summary statistics...
2025-09-14 04:39:15,813 - INFO - Price prediction process completed successfully
