2026-04-05 05:32:22,088 - INFO - Starting price prediction process
2026-04-05 05:32:22,088 - INFO - Loading data files...
2026-04-05 05:32:22,136 - INFO - Loaded Refurbed_250601.json with 6799 products
2026-04-05 05:32:22,182 - INFO - Loaded Refurbed_250810.json with 6846 products
2026-04-05 05:32:22,210 - INFO - Loaded Refurbed_251123.json with 5729 products
2026-04-05 05:32:22,237 - INFO - Loaded Refurbed_251214.json with 5729 products
2026-04-05 05:32:22,316 - INFO - Loaded Refurbed_260118.json with 5728 products
2026-04-05 05:32:22,343 - INFO - Loaded Refurbed_260405.json with 5729 products
2026-04-05 05:32:22,388 - INFO - Loaded Refurbed_250817.json with 6846 products
2026-04-05 05:32:22,422 - INFO - Loaded Refurbed_250824.json with 6847 products
2026-04-05 05:32:22,466 - INFO - Loaded Refurbed_250615.json with 6850 products
2026-04-05 05:32:22,494 - INFO - Loaded Refurbed_251130.json with 5729 products
2026-04-05 05:32:22,538 - INFO - Loaded Refurbed_250421.json with 6709 products
2026-04-05 05:32:22,649 - INFO - Loaded Refurbed_260308.json with 5731 products
2026-04-05 05:32:22,677 - INFO - Loaded Refurbed_251102.json with 5729 products
2026-04-05 05:32:22,722 - INFO - Loaded Refurbed_250803.json with 6847 products
2026-04-05 05:32:22,767 - INFO - Loaded Refurbed_250629.json with 6849 products
2026-04-05 05:32:22,794 - INFO - Loaded Refurbed_260208.json with 5729 products
2026-04-05 05:32:22,820 - INFO - Loaded Refurbed_251221.json with 5726 products
2026-04-05 05:32:22,847 - INFO - Loaded Refurbed_260329.json with 5730 products
2026-04-05 05:32:22,874 - INFO - Loaded Refurbed_251116.json with 5716 products
2026-04-05 05:32:22,902 - INFO - Loaded Refurbed_260104.json with 5728 products
2026-04-05 05:32:23,038 - INFO - Loaded Refurbed_250921.json with 5724 products
2026-04-05 05:32:23,065 - INFO - Loaded Refurbed_260222.json with 5730 products
2026-04-05 05:32:23,093 - INFO - Loaded Refurbed_260215.json with 5728 products
2026-04-05 05:32:23,121 - INFO - Loaded Refurbed_251228.json with 5726 products
2026-04-05 05:32:23,148 - INFO - Loaded Refurbed_251005.json with 5731 products
2026-04-05 05:32:23,193 - INFO - Loaded Refurbed_250706.json with 6849 products
2026-04-05 05:32:23,238 - INFO - Loaded Refurbed_250413.json with 6685 products
2026-04-05 05:32:23,266 - INFO - Loaded Refurbed_250831.json with 5765 products
2026-04-05 05:32:23,295 - INFO - Loaded Refurbed_251019.json with 5729 products
2026-04-05 05:32:23,323 - INFO - Loaded Refurbed_251207.json with 5728 products
2026-04-05 05:32:23,350 - INFO - Loaded Refurbed_260301.json with 5731 products
2026-04-05 05:32:23,395 - INFO - Loaded Refurbed_250727.json with 6847 products
2026-04-05 05:32:23,589 - INFO - Loaded Refurbed_250622.json with 6847 products
2026-04-05 05:32:23,634 - INFO - Loaded Refurbed_250504.json with 6743 products
2026-04-05 05:32:23,662 - INFO - Loaded Refurbed_250907.json with 5768 products
2026-04-05 05:32:23,709 - INFO - Loaded Refurbed_250608.json with 6849 products
2026-04-05 05:32:23,754 - INFO - Loaded Refurbed_250525.json with 6801 products
2026-04-05 05:32:23,801 - INFO - Loaded Refurbed_250511.json with 6760 products
2026-04-05 05:32:23,846 - INFO - Loaded Refurbed_250720.json with 6846 products
2026-04-05 05:32:23,892 - INFO - Loaded Refurbed_250312.json with 6589 products
2026-04-05 05:32:23,919 - INFO - Loaded Refurbed_251109.json with 5729 products
2026-04-05 05:32:23,947 - INFO - Loaded Refurbed_251012.json with 5731 products
2026-04-05 05:32:23,975 - INFO - Loaded Refurbed_250914.json with 5733 products
2026-04-05 05:32:24,002 - INFO - Loaded Refurbed_260111.json with 5727 products
2026-04-05 05:32:24,029 - INFO - Loaded Refurbed_260322.json with 5730 products
2026-04-05 05:32:24,057 - INFO - Loaded Refurbed_260201.json with 5723 products
2026-04-05 05:32:24,297 - INFO - Loaded Refurbed_251026.json with 5729 products
2026-04-05 05:32:24,343 - INFO - Loaded Refurbed_250518.json with 6773 products
2026-04-05 05:32:24,371 - INFO - Loaded Refurbed_250928.json with 5729 products
2026-04-05 05:32:24,400 - INFO - Loaded Refurbed_260315.json with 5728 products
2026-04-05 05:32:24,446 - INFO - Loaded Refurbed_250713.json with 6850 products
2026-04-05 05:32:24,473 - INFO - Loaded Refurbed_260125.json with 5729 products
2026-04-05 05:32:24,473 - INFO - Found 52 data files
2026-04-05 05:32:24,473 - INFO - Preparing price history...
2026-04-05 05:32:24,648 - INFO - Prepared price history for 6865 products
2026-04-05 05:32:24,649 - INFO - Building prediction models...
2026-04-05 05:32:30,660 - INFO - Built prediction models for 6852 products
2026-04-05 05:32:30,660 - INFO - Generating predictions...
2026-04-05 05:32:32,022 - INFO - Generated predictions for 6852 products
2026-04-05 05:32:32,022 - INFO - Saving predictions...
2026-04-05 05:32:32,396 - INFO - Saved predictions to /home/runner/work/M3-scraper/M3-scraper/docs/price_predictions.json
2026-04-05 05:32:32,398 - INFO - Generating summary statistics...
2026-04-05 05:32:32,406 - INFO - Price prediction process completed successfully
