2026-01-18 04:55:30,502 - INFO - Starting price prediction process
2026-01-18 04:55:30,502 - INFO - Loading data files...
2026-01-18 04:55:30,535 - INFO - Loaded Refurbed_260111.json with 5727 products
2026-01-18 04:55:30,584 - INFO - Loaded Refurbed_250622.json with 6847 products
2026-01-18 04:55:30,613 - INFO - Loaded Refurbed_251005.json with 5731 products
2026-01-18 04:55:30,641 - INFO - Loaded Refurbed_251116.json with 5716 products
2026-01-18 04:55:30,670 - INFO - Loaded Refurbed_251019.json with 5729 products
2026-01-18 04:55:30,769 - INFO - Loaded Refurbed_250810.json with 6846 products
2026-01-18 04:55:30,817 - INFO - Loaded Refurbed_250608.json with 6849 products
2026-01-18 04:55:30,864 - INFO - Loaded Refurbed_250421.json with 6709 products
2026-01-18 04:55:30,913 - INFO - Loaded Refurbed_250727.json with 6847 products
2026-01-18 04:55:30,960 - INFO - Loaded Refurbed_250312.json with 6589 products
2026-01-18 04:55:31,007 - INFO - Loaded Refurbed_250413.json with 6685 products
2026-01-18 04:55:31,037 - INFO - Loaded Refurbed_251228.json with 5726 products
2026-01-18 04:55:31,167 - INFO - Loaded Refurbed_250518.json with 6773 products
2026-01-18 04:55:31,217 - INFO - Loaded Refurbed_250601.json with 6799 products
2026-01-18 04:55:31,247 - INFO - Loaded Refurbed_251221.json with 5726 products
2026-01-18 04:55:31,275 - INFO - Loaded Refurbed_251109.json with 5729 products
2026-01-18 04:55:31,305 - INFO - Loaded Refurbed_250928.json with 5729 products
2026-01-18 04:55:31,333 - INFO - Loaded Refurbed_251123.json with 5729 products
2026-01-18 04:55:31,380 - INFO - Loaded Refurbed_250629.json with 6849 products
2026-01-18 04:55:31,427 - INFO - Loaded Refurbed_250713.json with 6850 products
2026-01-18 04:55:31,597 - INFO - Loaded Refurbed_250706.json with 6849 products
2026-01-18 04:55:31,644 - INFO - Loaded Refurbed_250511.json with 6760 products
2026-01-18 04:55:31,674 - INFO - Loaded Refurbed_251214.json with 5729 products
2026-01-18 04:55:31,723 - INFO - Loaded Refurbed_250615.json with 6850 products
2026-01-18 04:55:31,752 - INFO - Loaded Refurbed_251130.json with 5729 products
2026-01-18 04:55:31,781 - INFO - Loaded Refurbed_251026.json with 5729 products
2026-01-18 04:55:31,828 - INFO - Loaded Refurbed_250504.json with 6743 products
2026-01-18 04:55:31,858 - INFO - Loaded Refurbed_250921.json with 5724 products
2026-01-18 04:55:31,907 - INFO - Loaded Refurbed_250817.json with 6846 products
2026-01-18 04:55:31,955 - INFO - Loaded Refurbed_250720.json with 6846 products
2026-01-18 04:55:31,983 - INFO - Loaded Refurbed_250831.json with 5765 products
2026-01-18 04:55:32,011 - INFO - Loaded Refurbed_251012.json with 5731 products
2026-01-18 04:55:32,208 - INFO - Loaded Refurbed_260118.json with 5728 products
2026-01-18 04:55:32,254 - INFO - Loaded Refurbed_250803.json with 6847 products
2026-01-18 04:55:32,281 - INFO - Loaded Refurbed_260104.json with 5728 products
2026-01-18 04:55:32,315 - INFO - Loaded Refurbed_250824.json with 6847 products
2026-01-18 04:55:32,343 - INFO - Loaded Refurbed_250914.json with 5733 products
2026-01-18 04:55:32,371 - INFO - Loaded Refurbed_251102.json with 5729 products
2026-01-18 04:55:32,419 - INFO - Loaded Refurbed_250525.json with 6801 products
2026-01-18 04:55:32,449 - INFO - Loaded Refurbed_250907.json with 5768 products
2026-01-18 04:55:32,478 - INFO - Loaded Refurbed_251207.json with 5728 products
2026-01-18 04:55:32,478 - INFO - Found 41 data files
2026-01-18 04:55:32,478 - INFO - Preparing price history...
2026-01-18 04:55:32,641 - INFO - Prepared price history for 6865 products
2026-01-18 04:55:32,642 - INFO - Building prediction models...
2026-01-18 04:55:38,517 - INFO - Built prediction models for 6852 products
2026-01-18 04:55:38,517 - INFO - Generating predictions...
2026-01-18 04:55:39,902 - INFO - Generated predictions for 6852 products
2026-01-18 04:55:39,902 - INFO - Saving predictions...
2026-01-18 04:55:40,295 - INFO - Saved predictions to /home/runner/work/M3-scraper/M3-scraper/docs/price_predictions.json
2026-01-18 04:55:40,297 - INFO - Generating summary statistics...
2026-01-18 04:55:40,305 - INFO - Price prediction process completed successfully
