2026-06-07 06:56:25,161 - INFO - Starting price prediction process
2026-06-07 06:56:25,161 - INFO - Loading data files...
2026-06-07 06:56:25,193 - INFO - Loaded Refurbed_251123.json with 5729 products
2026-06-07 06:56:25,222 - INFO - Loaded Refurbed_260308.json with 5731 products
2026-06-07 06:56:25,251 - INFO - Loaded Refurbed_260201.json with 5723 products
2026-06-07 06:56:25,279 - INFO - Loaded Refurbed_260315.json with 5728 products
2026-06-07 06:56:25,387 - INFO - Loaded Refurbed_250525.json with 6801 products
2026-06-07 06:56:25,416 - INFO - Loaded Refurbed_260125.json with 5729 products
2026-06-07 06:56:25,442 - INFO - Loaded Refurbed_260524.json with 5733 products
2026-06-07 06:56:25,469 - INFO - Loaded Refurbed_260510.json with 5731 products
2026-06-07 06:56:25,497 - INFO - Loaded Refurbed_251207.json with 5728 products
2026-06-07 06:56:25,524 - INFO - Loaded Refurbed_251012.json with 5731 products
2026-06-07 06:56:25,551 - INFO - Loaded Refurbed_260419.json with 5731 products
2026-06-07 06:56:25,578 - INFO - Loaded Refurbed_251109.json with 5729 products
2026-06-07 06:56:25,694 - INFO - Loaded Refurbed_260517.json with 5734 products
2026-06-07 06:56:25,720 - INFO - Loaded Refurbed_260426.json with 5731 products
2026-06-07 06:56:25,748 - INFO - Loaded Refurbed_260111.json with 5727 products
2026-06-07 06:56:25,775 - INFO - Loaded Refurbed_251102.json with 5729 products
2026-06-07 06:56:25,800 - INFO - Loaded Refurbed_260503.json with 5732 products
2026-06-07 06:56:25,845 - INFO - Loaded Refurbed_250312.json with 6589 products
2026-06-07 06:56:25,872 - INFO - Loaded Refurbed_260412.json with 5731 products
2026-06-07 06:56:25,898 - INFO - Loaded Refurbed_260607.json with 5735 products
2026-06-07 06:56:25,924 - INFO - Loaded Refurbed_251130.json with 5729 products
2026-06-07 06:56:26,093 - INFO - Loaded Refurbed_251116.json with 5716 products
2026-06-07 06:56:26,139 - INFO - Loaded Refurbed_250511.json with 6760 products
2026-06-07 06:56:26,167 - INFO - Loaded Refurbed_251228.json with 5726 products
2026-06-07 06:56:26,196 - INFO - Loaded Refurbed_250831.json with 5765 products
2026-06-07 06:56:26,241 - INFO - Loaded Refurbed_250727.json with 6847 products
2026-06-07 06:56:26,286 - INFO - Loaded Refurbed_250706.json with 6849 products
2026-06-07 06:56:26,332 - INFO - Loaded Refurbed_250713.json with 6850 products
2026-06-07 06:56:26,379 - INFO - Loaded Refurbed_250615.json with 6850 products
2026-06-07 06:56:26,406 - INFO - Loaded Refurbed_251221.json with 5726 products
2026-06-07 06:56:26,452 - INFO - Loaded Refurbed_250817.json with 6846 products
2026-06-07 06:56:26,498 - INFO - Loaded Refurbed_250504.json with 6743 products
2026-06-07 06:56:26,712 - INFO - Loaded Refurbed_260222.json with 5730 products
2026-06-07 06:56:26,740 - INFO - Loaded Refurbed_250907.json with 5768 products
2026-06-07 06:56:26,786 - INFO - Loaded Refurbed_250810.json with 6846 products
2026-06-07 06:56:26,813 - INFO - Loaded Refurbed_250914.json with 5733 products
2026-06-07 06:56:26,858 - INFO - Loaded Refurbed_250720.json with 6846 products
2026-06-07 06:56:26,886 - INFO - Loaded Refurbed_251019.json with 5729 products
2026-06-07 06:56:26,930 - INFO - Loaded Refurbed_250622.json with 6847 products
2026-06-07 06:56:26,957 - INFO - Loaded Refurbed_260208.json with 5729 products
2026-06-07 06:56:26,985 - INFO - Loaded Refurbed_250928.json with 5729 products
2026-06-07 06:56:27,013 - INFO - Loaded Refurbed_251005.json with 5731 products
2026-06-07 06:56:27,046 - INFO - Loaded Refurbed_250824.json with 6847 products
2026-06-07 06:56:27,074 - INFO - Loaded Refurbed_250921.json with 5724 products
2026-06-07 06:56:27,119 - INFO - Loaded Refurbed_250518.json with 6773 products
2026-06-07 06:56:27,164 - INFO - Loaded Refurbed_250803.json with 6847 products
2026-06-07 06:56:27,468 - INFO - Loaded Refurbed_250601.json with 6799 products
2026-06-07 06:56:27,514 - INFO - Loaded Refurbed_250608.json with 6849 products
2026-06-07 06:56:27,540 - INFO - Loaded Refurbed_260531.json with 5734 products
2026-06-07 06:56:27,568 - INFO - Loaded Refurbed_260405.json with 5729 products
2026-06-07 06:56:27,611 - INFO - Loaded Refurbed_250413.json with 6685 products
2026-06-07 06:56:27,640 - INFO - Loaded Refurbed_260215.json with 5728 products
2026-06-07 06:56:27,668 - INFO - Loaded Refurbed_260301.json with 5731 products
2026-06-07 06:56:27,695 - INFO - Loaded Refurbed_251026.json with 5729 products
2026-06-07 06:56:27,722 - INFO - Loaded Refurbed_260104.json with 5728 products
2026-06-07 06:56:27,750 - INFO - Loaded Refurbed_251214.json with 5729 products
2026-06-07 06:56:27,794 - INFO - Loaded Refurbed_250629.json with 6849 products
2026-06-07 06:56:27,839 - INFO - Loaded Refurbed_250421.json with 6709 products
2026-06-07 06:56:27,867 - INFO - Loaded Refurbed_260329.json with 5730 products
2026-06-07 06:56:27,895 - INFO - Loaded Refurbed_260118.json with 5728 products
2026-06-07 06:56:27,923 - INFO - Loaded Refurbed_260322.json with 5730 products
2026-06-07 06:56:27,924 - INFO - Found 61 data files
2026-06-07 06:56:27,924 - INFO - Preparing price history...
2026-06-07 06:56:28,124 - INFO - Prepared price history for 6865 products
2026-06-07 06:56:28,124 - INFO - Building prediction models...
2026-06-07 06:56:32,912 - INFO - Built prediction models for 6852 products
2026-06-07 06:56:32,912 - INFO - Generating predictions...
2026-06-07 06:56:34,359 - INFO - Generated predictions for 6852 products
2026-06-07 06:56:34,360 - INFO - Saving predictions...
2026-06-07 06:56:34,760 - INFO - Saved predictions to /home/runner/work/M3-scraper/M3-scraper/docs/price_predictions.json
2026-06-07 06:56:34,761 - INFO - Generating summary statistics...
2026-06-07 06:56:34,769 - INFO - Price prediction process completed successfully
