2025-08-25 21:26:56,281 - INFO - Starting price prediction process
2025-08-25 21:26:56,281 - INFO - Loading data files...
2025-08-25 21:26:56,332 - INFO - Loaded Refurbed_250525.json with 6801 products
2025-08-25 21:26:56,380 - INFO - Loaded Refurbed_250608.json with 6849 products
2025-08-25 21:26:56,429 - INFO - Loaded Refurbed_250629.json with 6849 products
2025-08-25 21:26:56,475 - INFO - Loaded Refurbed_250312.json with 6589 products
2025-08-25 21:26:56,577 - INFO - Loaded Refurbed_250518.json with 6773 products
2025-08-25 21:26:56,625 - INFO - Loaded Refurbed_250622.json with 6847 products
2025-08-25 21:26:56,674 - INFO - Loaded Refurbed_250817.json with 6846 products
2025-08-25 21:26:56,709 - INFO - Loaded Refurbed_250824.json with 6847 products
2025-08-25 21:26:56,757 - INFO - Loaded Refurbed_250413.json with 6685 products
2025-08-25 21:26:56,805 - INFO - Loaded Refurbed_250511.json with 6760 products
2025-08-25 21:26:56,852 - INFO - Loaded Refurbed_250421.json with 6709 products
2025-08-25 21:26:56,983 - INFO - Loaded Refurbed_250601.json with 6799 products
2025-08-25 21:26:57,034 - INFO - Loaded Refurbed_250810.json with 6846 products
2025-08-25 21:26:57,082 - INFO - Loaded Refurbed_250727.json with 6847 products
2025-08-25 21:26:57,130 - INFO - Loaded Refurbed_250720.json with 6846 products
2025-08-25 21:26:57,177 - INFO - Loaded Refurbed_250803.json with 6847 products
2025-08-25 21:26:57,224 - INFO - Loaded Refurbed_250504.json with 6743 products
2025-08-25 21:26:57,272 - INFO - Loaded Refurbed_250706.json with 6849 products
2025-08-25 21:26:57,319 - INFO - Loaded Refurbed_250713.json with 6850 products
2025-08-25 21:26:57,508 - INFO - Loaded Refurbed_250615.json with 6850 products
2025-08-25 21:26:57,508 - INFO - Found 20 data files
2025-08-25 21:26:57,508 - INFO - Preparing price history...
2025-08-25 21:26:57,652 - INFO - Prepared price history for 6865 products
2025-08-25 21:26:57,652 - INFO - Building prediction models...
2025-08-25 21:27:03,417 - INFO - Built prediction models for 6852 products
2025-08-25 21:27:03,417 - INFO - Generating predictions...
2025-08-25 21:27:04,830 - INFO - Generated predictions for 6852 products
2025-08-25 21:27:04,831 - INFO - Saving predictions...
2025-08-25 21:27:05,222 - INFO - Saved predictions to /home/runner/work/M3-scraper/M3-scraper/docs/price_predictions.json
2025-08-25 21:27:05,223 - INFO - Generating summary statistics...
2025-08-25 21:27:05,231 - INFO - Price prediction process completed successfully
