2025-07-13 05:03:36,514 - INFO - Starting price prediction process
2025-07-13 05:03:36,514 - INFO - Loading data files...
2025-07-13 05:03:36,566 - INFO - Loaded Refurbed_250622.json with 6847 products
2025-07-13 05:03:36,617 - INFO - Loaded Refurbed_250511.json with 6760 products
2025-07-13 05:03:36,674 - INFO - Loaded Refurbed_250615.json with 6850 products
2025-07-13 05:03:36,740 - INFO - Loaded Refurbed_250504.json with 6743 products
2025-07-13 05:03:36,869 - INFO - Loaded Refurbed_250421.json with 6709 products
2025-07-13 05:03:36,921 - INFO - Loaded Refurbed_250629.json with 6849 products
2025-07-13 05:03:36,971 - INFO - Loaded Refurbed_250413.json with 6685 products
2025-07-13 05:03:37,022 - INFO - Loaded Refurbed_250706.json with 6849 products
2025-07-13 05:03:37,072 - INFO - Loaded Refurbed_250713.json with 6850 products
2025-07-13 05:03:37,121 - INFO - Loaded Refurbed_250601.json with 6799 products
2025-07-13 05:03:37,170 - INFO - Loaded Refurbed_250312.json with 6589 products
2025-07-13 05:03:37,331 - INFO - Loaded Refurbed_250518.json with 6773 products
2025-07-13 05:03:37,380 - INFO - Loaded Refurbed_250525.json with 6801 products
2025-07-13 05:03:37,430 - INFO - Loaded Refurbed_250608.json with 6849 products
2025-07-13 05:03:37,430 - INFO - Found 14 data files
2025-07-13 05:03:37,430 - INFO - Preparing price history...
2025-07-13 05:03:37,572 - INFO - Prepared price history for 6865 products
2025-07-13 05:03:37,572 - INFO - Building prediction models...
2025-07-13 05:03:43,293 - INFO - Built prediction models for 6852 products
2025-07-13 05:03:43,293 - INFO - Generating predictions...
2025-07-13 05:03:44,744 - INFO - Generated predictions for 6852 products
2025-07-13 05:03:44,744 - INFO - Saving predictions...
2025-07-13 05:03:45,158 - INFO - Saved predictions to /home/runner/work/M3-scraper/M3-scraper/docs/price_predictions.json
2025-07-13 05:03:45,160 - INFO - Generating summary statistics...
2025-07-13 05:03:45,167 - INFO - Price prediction process completed successfully
