2025-08-10 04:53:07,547 - INFO - Starting price prediction process
2025-08-10 04:53:07,547 - INFO - Loading data files...
2025-08-10 04:53:07,599 - INFO - Loaded Refurbed_250525.json with 6801 products
2025-08-10 04:53:07,649 - INFO - Loaded Refurbed_250608.json with 6849 products
2025-08-10 04:53:07,698 - INFO - Loaded Refurbed_250629.json with 6849 products
2025-08-10 04:53:07,746 - INFO - Loaded Refurbed_250312.json with 6589 products
2025-08-10 04:53:07,868 - INFO - Loaded Refurbed_250518.json with 6773 products
2025-08-10 04:53:07,918 - INFO - Loaded Refurbed_250622.json with 6847 products
2025-08-10 04:53:07,966 - INFO - Loaded Refurbed_250413.json with 6685 products
2025-08-10 04:53:08,016 - INFO - Loaded Refurbed_250511.json with 6760 products
2025-08-10 04:53:08,064 - INFO - Loaded Refurbed_250421.json with 6709 products
2025-08-10 04:53:08,113 - INFO - Loaded Refurbed_250601.json with 6799 products
2025-08-10 04:53:08,162 - INFO - Loaded Refurbed_250810.json with 6846 products
2025-08-10 04:53:08,314 - INFO - Loaded Refurbed_250727.json with 6847 products
2025-08-10 04:53:08,364 - INFO - Loaded Refurbed_250720.json with 6846 products
2025-08-10 04:53:08,411 - INFO - Loaded Refurbed_250803.json with 6847 products
2025-08-10 04:53:08,460 - INFO - Loaded Refurbed_250504.json with 6743 products
2025-08-10 04:53:08,508 - INFO - Loaded Refurbed_250706.json with 6849 products
2025-08-10 04:53:08,557 - INFO - Loaded Refurbed_250713.json with 6850 products
2025-08-10 04:53:08,607 - INFO - Loaded Refurbed_250615.json with 6850 products
2025-08-10 04:53:08,607 - INFO - Found 18 data files
2025-08-10 04:53:08,607 - INFO - Preparing price history...
2025-08-10 04:53:08,753 - INFO - Prepared price history for 6865 products
2025-08-10 04:53:08,753 - INFO - Building prediction models...
2025-08-10 04:53:14,843 - INFO - Built prediction models for 6852 products
2025-08-10 04:53:14,843 - INFO - Generating predictions...
2025-08-10 04:53:16,269 - INFO - Generated predictions for 6852 products
2025-08-10 04:53:16,269 - INFO - Saving predictions...
2025-08-10 04:53:16,664 - INFO - Saved predictions to /home/runner/work/M3-scraper/M3-scraper/docs/price_predictions.json
2025-08-10 04:53:16,666 - INFO - Generating summary statistics...
2025-08-10 04:53:16,673 - INFO - Price prediction process completed successfully
